F memAlloc stdlib/Mem.ax:39:9-17 "(Int -> Int)" @0fd03fba89121d1d #restrict=no-io,no-foreign #effects=Alloc #calls=__alloc
F memAllocMapped stdlib/Mem.ax:75:9-23 "(Int -> (Int -> Int))" @cdcfd5fd6fed28da #restrict=no-io,no-foreign #effects=Alloc,Mut #calls=&,-,<<,==,>,>>,__alloc,__load64,__store64,|
F memMarkArray stdlib/Mem.ax:125:9-21 "(Int -> Int)" @d007f6fd2106dcb2 #restrict=no-io,no-alloc,no-foreign #effects=Mut #calls=-,__load64,__store64,|
F memMarkLeaf stdlib/Mem.ax:141:9-20 "(Int -> Int)" @7d30ebb403b48901 #restrict=no-io,no-alloc,no-foreign #effects=Mut #calls=&,-,__load64,__store64
F memCopy stdlib/Mem.ax:180:9-16 "(Int -> (Int -> (Int -> Int)))" @3082f9a36dd5daa5 #restrict=no-io,no-alloc,no-foreign #effects=Mut #calls=Mem$memCopyFrom
F memCopyFrom stdlib/Mem.ax:205:5-16 "(Int -> (Int -> (Int -> (Int -> Int))))" @b67c8b212d3e4815 #restrict=no-io,no-alloc,no-foreign #effects=Mut #calls=+,<,__load8,__store8
F memSet stdlib/Mem.ax:222:9-15 "(Int -> (Int -> (Int -> Int)))" @b8cc3a7d70814fa8 #restrict=no-io,no-alloc,no-foreign #effects=Mut #calls=Mem$memSetFrom
F memSetFrom stdlib/Mem.ax:227:5-15 "(Int -> (Int -> (Int -> (Int -> Int))))" @65d5b9b99d880178 #restrict=no-io,no-alloc,no-foreign #effects=Mut #calls=+,<,__store8
F memCmp stdlib/Mem.ax:245:9-15 "(Int -> (Int -> (Int -> Int)))" @30029e7d2389e32c #restrict=no-io,no-alloc,no-foreign #calls=Mem$memCmpFrom
F memCmpFrom stdlib/Mem.ax:250:5-15 "(Int -> (Int -> (Int -> (Int -> Int))))" @49581b3d94e680f4 #restrict=no-io,no-alloc,no-foreign #calls=&&,+,-,<,==,__load8
F memGetWord stdlib/Mem.ax:281:9-19 "(Int -> (Int -> Int))" @b5f8fe0f14e0113c #restrict=no-io,no-alloc,no-foreign #calls=__load64
F memGetWordStr stdlib/Mem.ax:294:9-22 "(Int -> (Int -> String))" @b8fd4c3ebafbabfb #restrict=no-io,no-alloc,no-foreign #calls=Mem$memGetWord
F memGetWordVec stdlib/Mem.ax:307:9-22 "(Int -> (Int -> Vec a))" @8de85e3ea2a5f886 #restrict=no-io,no-alloc,no-foreign #calls=Mem$memGetWord
F memSetWord stdlib/Mem.ax:338:9-19 "(Int -> (Int -> (a -> Int)))" @577fd648169c96a8 #restrict=no-io,no-alloc,no-foreign #effects=Mut #calls=__retainref,__store64
F memGetByte stdlib/Mem.ax:351:9-19 "(Int -> (Int -> Int))" @b36a11af3f07101e #restrict=no-io,no-alloc,no-foreign #calls=__load8
F memPutByte stdlib/Mem.ax:356:9-19 "(Int -> (Int -> (Int -> Int)))" @a42c84e86afc6d53 #restrict=no-io,no-alloc,no-foreign #effects=Mut #calls=__store8
F sysRead stdlib/Sys/Platform.darwin.ax:20:9-16 "Int" @d99009b49c22cd84
F sysWrite stdlib/Sys/Platform.darwin.ax:25:9-17 "Int" @74cf7b68f9a13d7f
F sysOpen stdlib/Sys/Platform.darwin.ax:30:9-16 "Int" @48be4da44965be58
F sysClose stdlib/Sys/Platform.darwin.ax:35:9-17 "Int" @3f19c86be94cca74
F sysExit stdlib/Sys/Platform.darwin.ax:40:9-16 "Int" @c21daf50c2bdc420
F sysLseek stdlib/Sys/Platform.darwin.ax:45:9-17 "Int" @b985a8cd089c8e5c
F openNeedsDirFd stdlib/Sys/Platform.darwin.ax:52:9-23 "Int" @d12588b93c717bad
F atFdCwd stdlib/Sys/Platform.darwin.ax:58:9-16 "Int" @dd105a98ff529076
F oRdonly stdlib/Sys/Platform.darwin.ax:62:9-16 "Int" @bea12e59bc90ac1c
F oWronlyCreateTrunc stdlib/Sys/Platform.darwin.ax:67:9-27 "Int" @20f55868f574f56b
F oWronlyCreateAppend stdlib/Sys/Platform.darwin.ax:78:9-28 "Int" @26a10abfaabe5f03
F seekEnd stdlib/Sys/Platform.darwin.ax:82:9-16 "Int" @ffd6d76db53ee6f4
F seekSet stdlib/Sys/Platform.darwin.ax:86:9-16 "Int" @9bb0af6e0d80b0bd
F spawnUsesPosixSpawn stdlib/Sys/Platform.darwin.ax:103:9-28 "Int" @7f321f2729051480
F sysPosixSpawn stdlib/Sys/Platform.darwin.ax:124:9-22 "Int" @301427b704c87bd6
F sysWait4 stdlib/Sys/Platform.darwin.ax:129:9-17 "Int" @c6592bc7da3c817f
F sysFork stdlib/Sys/Platform.darwin.ax:148:9-16 "Int" @d2301f5b9cd3da3c
F sysForkArg stdlib/Sys/Platform.darwin.ax:152:9-19 "Int" @ccc826600e295ed8
F sysExecve stdlib/Sys/Platform.darwin.ax:156:9-18 "Int" @cf0811b42b349ef8
F sysUnlinkNum stdlib/Sys/Platform.darwin.ax:161:9-21 "Int" @ba296983f73bf8b5
F sysMkdirNum stdlib/Sys/Platform.darwin.ax:167:9-20 "Int" @d70958f5f657e079
F sysRmdirNum stdlib/Sys/Platform.darwin.ax:172:9-20 "Int" @624e8f20729e9500
F sysRenameNum stdlib/Sys/Platform.darwin.ax:178:9-21 "Int" @2f71f22a53ea2a9a
F sysGetdentsNum stdlib/Sys/Platform.darwin.ax:194:9-23 "Int" @b41c5b342d9c34f2
F dirReadNeedsPosition stdlib/Sys/Platform.darwin.ax:198:9-29 "Int" @67e373cb3c77d650
F direntNameOffset stdlib/Sys/Platform.darwin.ax:212:9-25 "Int" @cbddd296a9b48d3f
F cwdUsesFcntlPath stdlib/Sys/Platform.darwin.ax:232:9-25 "Int" @bc3db68f15679b55
F sysCwdNum stdlib/Sys/Platform.darwin.ax:237:9-18 "Int" @9f128b205b538472
F fGetPath stdlib/Sys/Platform.darwin.ax:241:9-17 "Int" @7c3930a7ed86acda
F eExist stdlib/Sys/Platform.darwin.ax:254:9-15 "Int" @4a860ff9c061ee75
F eIsDir stdlib/Sys/Platform.darwin.ax:258:9-15 "Int" @6b013530d7d877b5
F sysGetPidNum stdlib/Sys/Platform.darwin.ax:263:9-21 "Int" @8dd97b36f3b03217
F sysClockNum stdlib/Sys/Platform.darwin.ax:271:9-20 "Int" @338b1a845ae4c6ae
F clockIsGettimeofday stdlib/Sys/Platform.darwin.ax:275:9-28 "Int" @48d4af426412da35
F clockHasMonotonic stdlib/Sys/Platform.darwin.ax:307:9-26 "Int" @9718b6249aa77bff
F clockMonotonicId stdlib/Sys/Platform.darwin.ax:318:9-25 "Int" @2897092e9f7766b0
F sysSocketNum stdlib/Sys/Platform.darwin.ax:341:9-21 "Int" @d42ebb17e38c1a17
F sysBindNum stdlib/Sys/Platform.darwin.ax:348:9-19 "Int" @fac8fabade48ff55
F sysListenNum stdlib/Sys/Platform.darwin.ax:353:9-21 "Int" @2270bc9aee4f5729
F sysAcceptNum stdlib/Sys/Platform.darwin.ax:365:9-21 "Int" @ec78a2fc609b0378
F sysConnectNum stdlib/Sys/Platform.darwin.ax:371:9-22 "Int" @6d5f94b6d491b24e
F sysSetSockOptNum stdlib/Sys/Platform.darwin.ax:376:9-25 "Int" @15fecfbd37170e5f
F sysGetSockOptNum stdlib/Sys/Platform.darwin.ax:381:9-25 "Int" @9c1f4360d9bbdd5b
F sysShutdownNum stdlib/Sys/Platform.darwin.ax:386:9-23 "Int" @0af83866f8239352
F sysFcntlNum stdlib/Sys/Platform.darwin.ax:394:9-20 "Int" @5756ae47a61687bd
F afInet stdlib/Sys/Platform.darwin.ax:401:9-15 "Int" @d27a836ebaf1ed16
F afInet6 stdlib/Sys/Platform.darwin.ax:420:9-16 "Int" @981a7527a915ed60
F sockStream stdlib/Sys/Platform.darwin.ax:424:9-19 "Int" @bfebe0265f896953
F solSocket stdlib/Sys/Platform.darwin.ax:434:9-18 "Int" @dc009c67cc64ce6a
F soReuseAddr stdlib/Sys/Platform.darwin.ax:438:9-20 "Int" @2eb918fe7c42780c
F soReusePort stdlib/Sys/Platform.darwin.ax:442:9-20 "Int" @d5633181720e0e8c
F soError stdlib/Sys/Platform.darwin.ax:446:9-16 "Int" @6c2e10dec509dfd1
F fGetFl stdlib/Sys/Platform.darwin.ax:452:9-15 "Int" @586088fc3a85778b
F fSetFl stdlib/Sys/Platform.darwin.ax:456:9-15 "Int" @b22030a3ced82cc7
F oNonblock stdlib/Sys/Platform.darwin.ax:460:9-18 "Int" @e28c97fa7ca01710
F eAgain stdlib/Sys/Platform.darwin.ax:468:9-15 "Int" @e069fc6f4f9b397a
F sockaddrHasLenByte stdlib/Sys/Platform.darwin.ax:507:9-27 "Int" @ef72f44767bfc769
F pollUsesKqueue stdlib/Sys/Platform.darwin.ax:527:9-23 "Int" @1908ec81ed6473d2
F sysPollCreateNum stdlib/Sys/Platform.darwin.ax:532:9-25 "Int" @dc35fd57ec1f5d83
F sysPollWaitNum stdlib/Sys/Platform.darwin.ax:539:9-23 "Int" @9ede20211dc34918
F sysPollCtlNum stdlib/Sys/Platform.darwin.ax:543:9-22 "Int" @242bc4ea898a397a
F pollEventSize stdlib/Sys/Platform.darwin.ax:557:9-22 "Int" @918d2641eec8e977
F pollEventFdOffset stdlib/Sys/Platform.darwin.ax:561:9-26 "Int" @a82e65073201e547
F pollReadFilter stdlib/Sys/Platform.darwin.ax:570:9-23 "Int" @2a42e21130434f1c #calls=-
F pollAddOp stdlib/Sys/Platform.darwin.ax:577:9-18 "Int" @8ded25e2f48c404e
F pollDelOp stdlib/Sys/Platform.darwin.ax:581:9-18 "Int" @b9dceb68276454ac
F pollSigsetSize stdlib/Sys/Platform.darwin.ax:588:9-23 "Int" @a184d63c46ffcbc0
F sysRandomNum stdlib/Sys/Platform.darwin.ax:607:9-21 "Int" @41dc832f2b0bd645
F randomIsGetentropy stdlib/Sys/Platform.darwin.ax:611:9-27 "Int" @e644f15320868f39
F randomMaxChunk stdlib/Sys/Platform.darwin.ax:615:9-23 "Int" @671fe1e243b8cebf
F signalUsesSignalFd stdlib/Sys/Platform.darwin.ax:641:9-27 "Int" @e3835b13a0c96f39
F sysSigProcMaskNum stdlib/Sys/Platform.darwin.ax:646:9-26 "Int" @82b597fafe8fd6ab
F sigBlockHow stdlib/Sys/Platform.darwin.ax:654:9-20 "Int" @00f00dc0489ed3fd
F sigsetBytes stdlib/Sys/Platform.darwin.ax:661:9-20 "Int" @5d5a22f9ed6b6af7
F pollSignalFilter stdlib/Sys/Platform.darwin.ax:668:9-25 "Int" @505ea806bac66894 #calls=-
F sysSignalFdNum stdlib/Sys/Platform.darwin.ax:674:9-23 "Int" @3df0630ac7abf0ae
F sigInfoSize stdlib/Sys/Platform.darwin.ax:678:9-20 "Int" @b495ce207db60ed1
F sysKillNum stdlib/Sys/Platform.darwin.ax:683:9-19 "Int" @6302c2903fe03690
F sigTerm stdlib/Sys/Platform.darwin.ax:690:9-16 "Int" @2b81ae936de3a146
F sigInt stdlib/Sys/Platform.darwin.ax:694:9-15 "Int" @a8fba5915b585705
F forkChildIsZero stdlib/Sys/Platform.darwin.ax:701:9-24 "Int" @d2e5b0de4127a1a5
F acceptNonblockFlag stdlib/Sys/Platform.darwin.ax:716:9-27 "Int" @897180219612fc65
F usesSyscallAbi stdlib/Sys/Platform.darwin.ax:733:9-23 "Int" @5239c4a4eebd381e
F platformWriteFd stdlib/Sys/Platform.darwin.ax:737:9-24 "(Int -> (Int -> (Int -> Int)))" @06b4d89d48f5eb21 #pure #calls=-
F platformReadFd stdlib/Sys/Platform.darwin.ax:742:9-23 "(Int -> (Int -> (Int -> Int)))" @27c65d2cf874d88a #pure #calls=-
F platformExitWith stdlib/Sys/Platform.darwin.ax:747:9-25 "(Int -> Int)" @becafad07ae354fc #pure #calls=-
F ttyUsesTermios stdlib/Sys/Platform.darwin.ax:782:9-23 "Int" @c35c43360059ea61
F sysIoctlNum stdlib/Sys/Platform.darwin.ax:789:9-20 "Int" @8604ef6ad1e274c3
F tcGetAttrReq stdlib/Sys/Platform.darwin.ax:803:9-21 "Int" @92b4b419b6a552d3
F tcSetAttrReq stdlib/Sys/Platform.darwin.ax:825:9-21 "Int" @8aa7eddbdc97ffb7
F tcWinSizeReq stdlib/Sys/Platform.darwin.ax:840:9-21 "Int" @534179f86cd0f933
F termiosBytes stdlib/Sys/Platform.darwin.ax:852:9-21 "Int" @073edd856e0cda49
F termiosFlagBytes stdlib/Sys/Platform.darwin.ax:862:9-25 "Int" @a4e2f9d35892fff7
F termiosCcOff stdlib/Sys/Platform.darwin.ax:868:9-21 "Int" @df76fb2b24f9095d
F termiosVminIdx stdlib/Sys/Platform.darwin.ax:879:9-23 "Int" @3ec4607ebe1ed537
F termiosVtimeIdx stdlib/Sys/Platform.darwin.ax:883:9-24 "Int" @5fce3f6e95e90f58
F tiosEcho stdlib/Sys/Platform.darwin.ax:894:9-17 "Int" @65a7f3c40cdea1df
F tiosIcanon stdlib/Sys/Platform.darwin.ax:898:9-19 "Int" @a7a7b7a695f6dca0
F tiosIsig stdlib/Sys/Platform.darwin.ax:902:9-17 "Int" @db1ec3a614428392
F tiosIexten stdlib/Sys/Platform.darwin.ax:906:9-19 "Int" @12172e2edd790507
F tiosBrkint stdlib/Sys/Platform.darwin.ax:920:9-19 "Int" @92fd342d7152edf4
F tiosIcrnl stdlib/Sys/Platform.darwin.ax:924:9-18 "Int" @17a01ebc5d026842
F tiosIstrip stdlib/Sys/Platform.darwin.ax:928:9-19 "Int" @60570a6831aba481
F tiosIxon stdlib/Sys/Platform.darwin.ax:932:9-17 "Int" @187fe9a6373cf8d2
F tiosOpost stdlib/Sys/Platform.darwin.ax:945:9-18 "Int" @4880ccf70baf4fc5
F vecDefaultCap stdlib/Vec.ax:81:5-18 "Int" @39b9ebeebcb69140 #restrict=no-io,no-alloc,no-foreign
F vecNew stdlib/Vec.ax:87:9-15 "Vec a" @42d7eca69e40111f #restrict=no-io,no-foreign #effects=Alloc,Mut #calls=Vec$vecDefaultCap,Vec$vecWithCapacity
F vecWithCapacity stdlib/Vec.ax:99:9-24 "(Int -> Vec a)" @a5898d2fb6017e13 #restrict=no-io,no-foreign #effects=Alloc,Mut #calls=Vec$vecBuild
F vecWithCapacityRef stdlib/Vec.ax:106:9-27 "(Int -> Vec a)" @4931b5c5fdddadcc #restrict=no-io,no-foreign #effects=Alloc,Mut #calls=Vec$vecBuild
F vecNewRef stdlib/Vec.ax:112:9-18 "Vec a" @a3810b6416057230 #restrict=no-io,no-foreign #effects=Alloc,Mut #calls=Vec$vecDefaultCap,Vec$vecWithCapacityRef
F vecBuild stdlib/Vec.ax:124:5-13 "(Int -> (Int -> Vec a))" @c08cb1d661682775 #restrict=no-io,no-foreign #effects=Alloc,Mut #calls=*,<,==,Mem$memAlloc,Mem$memAllocMapped,Mem$memMarkArray,Mem$memSetWord,__retain
F vecFree stdlib/Vec.ax:167:9-16 "(Vec a -> Int)" @1e43cc6130f92c1d #restrict=no-io,no-alloc,no-foreign #calls=__release
F vecOwnsRefs stdlib/Vec.ax:183:9-20 "(Vec a -> Bool)" @3ca4292918920a5c #restrict=no-io,no-alloc,no-foreign #calls===,Mem$memGetWord
F vecLen stdlib/Vec.ax:188:9-15 "(Vec a -> Int)" @550435a6a8c88c3e #restrict=no-io,no-alloc,no-foreign #calls=Mem$memGetWord
F vecCap stdlib/Vec.ax:193:9-15 "(Vec a -> Int)" @a13fc6a6d379366d #restrict=no-io,no-alloc,no-foreign #calls=Mem$memGetWord
F vecData stdlib/Vec.ax:204:5-12 "(Vec a -> Int)" @f00051722f8ac2c7 #restrict=no-io,no-alloc,no-foreign #calls=Mem$memGetWord
F vecGet stdlib/Vec.ax:247:9-15 "(Vec a -> (Int -> a))" @805a0ea6c155b2f9 #restrict=no-io,no-alloc,no-foreign #calls=<,>=,Mem$memGetWord,Vec$vecData,Vec$vecLen,__indexTrap
F vecTry stdlib/Vec.ax:286:9-15 "(Vec a -> (Int -> Option a))" @1057f8a6821016c0 #restrict=no-io,no-foreign #effects=Alloc #calls=<,>=,Mem$memGetWord,Vec$vecData,Vec$vecLen
F vecGetStr stdlib/Vec.ax:299:9-18 "(Vec a -> (Int -> String))" @588fcc550a528a44 #restrict=no-io,no-alloc,no-foreign #calls=Vec$vecGet
F vecGetVec stdlib/Vec.ax:320:9-18 "(Vec a -> (Int -> Vec b))" @8412825523066371 #restrict=no-io,no-alloc,no-foreign #calls=Vec$vecGet
F vecPushStr stdlib/Vec.ax:343:9-19 "(Vec a -> (String -> Vec a))" @25d7fb280bccc022 #restrict=no-io,no-foreign #effects=Alloc,Mut #calls=Vec$vecPush,__retainref
F vecPushVec stdlib/Vec.ax:355:9-19 "(Vec a -> (Vec b -> Vec a))" @513ed9282468628f #restrict=no-io,no-foreign #effects=Alloc,Mut #calls=Vec$vecPush,__retainref
F vecSet stdlib/Vec.ax:371:9-15 "(Vec a -> (Int -> (a -> Vec a)))" @177422a685a6c685 #restrict=no-io,no-alloc,no-foreign #effects=Mut #calls=<,>=,Mem$memSetWord,Vec$vecData,Vec$vecDropAt,Vec$vecLen,Vec$vecOwnsRefs
F vecReserve stdlib/Vec.ax:403:5-15 "(Vec a -> (Int -> Vec a))" @4ae21562c73b1099 #restrict=no-io,no-foreign #effects=Alloc,Mut #calls=<=,Vec$vecCap,Vec$vecGrownCap,Vec$vecReserveExactly
F vecGrownCap stdlib/Vec.ax:423:5-16 "(Int -> (Int -> Int))" @8566e689bac7953e #restrict=no-io,no-alloc,no-foreign #calls=*,>=,Vec$vecGrownCap
F vecReserveExactly stdlib/Vec.ax:439:5-22 "(Vec a -> (Int -> Vec a))" @1481194b090b7ee7 #restrict=no-io,no-foreign #effects=Alloc,Mut #calls=*,Mem$memAlloc,Mem$memCopy,Mem$memMarkArray,Mem$memMarkLeaf,Mem$memSetWord,Vec$vecData,Vec$vecLen,Vec$vecOwnsRefs,__release,__retain
F vecPush stdlib/Vec.ax:478:9-16 "(Vec a -> (a -> Vec a))" @c293060dc287a3bb #restrict=no-io,no-foreign #effects=Alloc,Mut #calls=+,Mem$memSetWord,Vec$vecData,Vec$vecLen,Vec$vecReserve
F vecPop stdlib/Vec.ax:508:9-15 "(Vec a -> a)" @31549fa694465c32 #restrict=no-io,no-alloc,no-foreign #effects=Mut #calls=-,==,Mem$memGetWord,Mem$memSetWord,Vec$vecData,Vec$vecLen,__indexTrap
F vecLast stdlib/Vec.ax:539:9-16 "(Vec a -> a)" @1af3be30b8373b1f #restrict=no-io,no-alloc,no-foreign #calls=-,Vec$vecGet,Vec$vecLen
F vecClear stdlib/Vec.ax:551:9-17 "(Vec a -> Vec a)" @319fd64658175a30 #restrict=no-io,no-alloc,no-foreign #effects=Mut #calls=Mem$memSetWord,Vec$vecDropFrom,Vec$vecOwnsRefs
F vecDropAt stdlib/Vec.ax:567:5-14 "(Vec a -> (Int -> Vec a))" @e7ce0719824ef143 #restrict=no-io,no-alloc,no-foreign #effects=Mut #calls=Mem$memGetWord,Mem$memSetWord,Vec$vecData,__release
F vecDropFrom stdlib/Vec.ax:580:5-16 "(Vec a -> (Int -> Vec a))" @d177b3044a2fa582 #restrict=no-io,no-alloc,no-foreign #effects=Mut #calls=+,>=,Vec$vecDropAt,Vec$vecDropFrom,Vec$vecLen
F vecSum stdlib/Vec.ax:603:9-15 "(Vec Int -> Int)" @17aa19a685d446aa #restrict=no-io,no-alloc,no-foreign #calls=Vec$vecSumFrom
F vecSumFrom stdlib/Vec.ax:608:5-15 "(Vec Int -> (Int -> (Int -> Int)))" @144328c1d8b2116e #restrict=no-io,no-alloc,no-foreign #calls=+,>=,Vec$vecGet,Vec$vecLen,Vec$vecSumFrom
F vecHash stdlib/Vec.ax:624:9-16 "(Vec Int -> Int)" @4546b24f9c54ce2f #restrict=no-io,no-alloc,no-foreign #calls=Vec$vecHashFrom
F vecHashFrom stdlib/Vec.ax:629:5-16 "(Vec Int -> (Int -> (Int -> Int)))" @b034751241e15763 #restrict=no-io,no-alloc,no-foreign #calls=%,*,+,>=,Vec$vecGet,Vec$vecHashFrom,Vec$vecLen
F vecSwapWords stdlib/Vec.ax:660:5-17 "(Int -> (Int -> (Int -> Int)))" @50a2de2394216031 #restrict=no-io,no-alloc,no-foreign #effects=Mut #calls=Mem$memGetWord,Mem$memSetWord
F vecSiftDown stdlib/Vec.ax:674:5-16 "(Int -> (Int -> (Int -> Int)))" @3be531c7b0b56e85 #restrict=no-io,no-alloc,no-foreign #effects=Mut #calls=*,+,<,==,>,>=,Mem$memGetWord,Vec$vecSwapWords
F vecSort stdlib/Vec.ax:721:9-16 "(Vec a -> Vec a)" @d7b57bf54b6da257 #restrict=no-io,no-alloc,no-foreign #effects=Mut #calls=-,/,>,>=,Vec$vecData,Vec$vecLen,Vec$vecSiftDown,Vec$vecSwapWords
F vecSiftDownBy stdlib/Vec.ax:749:5-18 "(Int -> (Int -> (Int -> ((Int -> (Int -> Int)) -> Int))))" @cce0ed170bd79054 #effects=Mut #calls=*,+,<,==,>,>=,Mem$memGetWord,Vec$vecSwapWords #effect-params=cmp
F vecSortBy stdlib/Vec.ax:809:9-18 "(Vec a -> ((Int -> (Int -> Int)) -> Vec a))" @05b978068f71d6a2 #effects=Mut #calls=-,/,>,>=,Vec$vecData,Vec$vecLen,Vec$vecSiftDownBy,Vec$vecSwapWords #effect-params=cmp
F apply tests/fmt/syntax-zoo.ax:96:9-14 "((Int -> Int) -> (Int -> Int))" @9fde5fb4f32622ed #effect-params=f
F literals tests/fmt/syntax-zoo.ax:100:5-13 "(Int -> Int)" @44e294b76be6470b
F control tests/fmt/syntax-zoo.ax:110:5-12 "(Int -> Int)" @d78a59fa83fe109c #pure #calls=+,<,>
F counted tests/fmt/syntax-zoo.ax:125:5-12 "(Vec Int -> Int)" @a2afd435642141eb #pure #calls=+,<,Vec$vecGet,Vec$vecLen
F classify tests/fmt/syntax-zoo.ax:136:5-13 "(Int -> Int)" @0c968703c9c681f5 #calls=<,==
F area tests/fmt/syntax-zoo.ax:144:5-9 "(Shape -> Int)" @925bb7869087e3f6 #calls=*
F depth tests/fmt/syntax-zoo.ax:151:5-10 "(Tree Int -> Int)" @bea0e2e519a4f594 #calls=+,depth
F add2 tests/fmt/syntax-zoo.ax:167:5-9 "(Int -> (Int -> Int))" @09ea3a86d3c3a984 #calls=+
F ignoresIts tests/fmt/syntax-zoo.ax:170:5-15 "(Int -> (Int -> Int))" @3bd4ee8d4490ed38
F holeExample tests/fmt/syntax-zoo.ax:173:5-16 "Int" @cf2ca28645662d19 #calls=add2
F misc tests/fmt/syntax-zoo.ax:179:5-9 "(Rec -> Int)" @a624386346f1362f #calls=+
F keyword_forms tests/fmt/syntax-zoo.ax:193:5-18 "(Int -> Int)" @81b1a8cbfde09fae #effects=Alloc #calls=+
F qualified tests/fmt/syntax-zoo.ax:201:5-14 "(Int -> Int)" @6e608b2ecabed39f #effects=Alloc #calls=Mem$memAlloc
F last tests/fmt/syntax-zoo.ax:205:5-9 "(Int -> Int)" @436b6f6ddf64413b
F log - "(String -> Int)" #effects=Console
F send - "(Int -> (Int -> Int))" #effects=Wire
F recv - "(Int -> Int)" #effects=Wire
F handled tests/fmt/syntax-zoo.ax:216:5-12 "(Int -> Int)" @8aed8da9c866693b #effects=Alloc #calls=log
F scoped tests/fmt/syntax-zoo.ax:220:5-11 "(Int -> Int)" @456a949d82a7c7bf
F aBox tests/fmt/syntax-zoo.ax:241:5-9 "Box Int" @06331c8640b36edb #effects=Alloc
F store - "(Box Int -> Int)" #effects=Boxes
F interiors tests/fmt/syntax-zoo.ax:280:5-14 "(*Box Int -> ([Box Int] -> (Box Int -> Int)))" @9ab1e7805f0e9380
F typed_exprs tests/fmt/syntax-zoo.ax:283:5-16 "(Int -> Int)" @81369cab7bd3cafe #effects=Alloc #calls=+
F helperD tests/fmt/syntax-zoo.ax:328:5-12 "(Int -> Int)" @882707b1b1adf681
F zeroParam tests/fmt/syntax-zoo.ax:331:5-14 "Int" @3beac987ddf32d0a
F bigNums tests/fmt/syntax-zoo.ax:334:5-12 "Int" @dd7253ccf2a8d5b6 #calls=+
F addTwo tests/fmt/syntax-zoo.ax:337:5-11 "(Int -> (Int -> Int))" @5d1e51e3da8ca0ac #calls=+
F spine tests/fmt/syntax-zoo.ax:340:5-10 "Int" @b90b9fd2b6072666 #calls=addTwo
F redundantParens tests/fmt/syntax-zoo.ax:343:5-20 "(Int -> Int)" @1e81a579343438b5
F oneBlock tests/fmt/syntax-zoo.ax:346:5-13 "(Int -> Int)" @0a7b44cba65e02ae
F manyBody tests/fmt/syntax-zoo.ax:349:5-13 "(Int -> Int)" @a31645c57f2b7230
F curried tests/fmt/syntax-zoo.ax:352:5-12 "(Int -> (Int -> Int))" @8e5e55c0dcd4848b
F unitArg tests/fmt/syntax-zoo.ax:361:5-12 "(() -> Int)" @6cefab6aa3adb3a3
F integerName tests/fmt/syntax-zoo.ax:364:5-16 "(Int -> Int)" @78077a35b687a150
F negatives tests/fmt/syntax-zoo.ax:370:5-14 "Int" @c1e7a0698a782505 #calls=+,-
F splitTags tests/fmt/syntax-zoo.ax:403:5-14 "(Int -> Int)" @1149cb6053381fbc #no_refactor #pure #calls=+
F restrictedTwice tests/fmt/syntax-zoo.ax:413:5-20 "(Int -> Int)" @09253db9ca4471fa #restrict=no-io,no-cast #calls=*
D Option - "data Option" #ctors=Some,None
C Some - "(a -> Option a)" #of=Option
C None - "Option a" #of=Option
D Vec - "data Vec"
D Shape tests/fmt/syntax-zoo.ax:29:11-16 "data Shape" @f67d31a9f1847a1c #ctors=Circle,Rect,Empty
C Circle tests/fmt/syntax-zoo.ax:30:4-10 "(Int -> Shape)" #of=Shape
C Rect tests/fmt/syntax-zoo.ax:31:4-8 "(Int -> (Int -> Shape))" #of=Shape
C Empty tests/fmt/syntax-zoo.ax:32:4-9 "Shape" #of=Shape
D Tree tests/fmt/syntax-zoo.ax:34:7-11 "data Tree" @a1a9ddbf67cfeaaf #ctors=Leaf,Node
C Leaf tests/fmt/syntax-zoo.ax:35:4-8 "Tree a" #of=Tree
C Node tests/fmt/syntax-zoo.ax:36:4-8 "(Tree a -> (a -> (Tree a -> Tree a)))" #of=Tree
D Box tests/fmt/syntax-zoo.ax:238:11-14 "data Box" @649cdc153a9e31b4 #ctors=B
C B tests/fmt/syntax-zoo.ax:239:4-5 "(a -> Box a)" #of=Box
D Wrapped tests/fmt/syntax-zoo.ax:256:7-14 "data Wrapped" @456b706b2b771a60 #ctors=W
C W tests/fmt/syntax-zoo.ax:257:4-5 "(Box Int -> Wrapped)" #of=Wrapped
S Rec tests/fmt/syntax-zoo.ax:55:13-16 "struct Rec" @7e8483a9aaef3fde #fields=n:Int,counter:Int,on:Bool,ratio:Float,label:String
S ZooCap tests/fmt/syntax-zoo.ax:246:9-15 "struct ZooCap" @565a8bdeb3d12664 #fields=render:(a -> String)
S ZooPair tests/fmt/syntax-zoo.ax:249:9-16 "struct ZooPair" @149f38cfa5316df8 #fields=fst:a,snd:b
S Holder tests/fmt/syntax-zoo.ax:253:9-15 "struct Holder" @39a2b36e5f606cfe #fields=item:Box Int
S RecTwin tests/fmt/syntax-zoo.ax:394:13-20 "struct RecTwin" @1e39f8cfc9405c78 #fields=n:Int,counter:Int,on:Bool,ratio:Float,label:String
A Count tests/fmt/syntax-zoo.ax:26:11-16 "Int" @910ecfbfa27ddde2
A BoxedCount tests/fmt/syntax-zoo.ax:244:11-21 "Box Int" @ce5c1ba8305ca704
M twice tests/fmt/syntax-zoo.ax:93:9-14 "macro twice" @a0ee9867b2571b97
M defRecTwin tests/fmt/syntax-zoo.ax:386:8-18 "macro defRecTwin" @175bc52ff43ee048
E Console tests/fmt/syntax-zoo.ax:209:9-16 "effect Console" @5e35620abc5f495d
E Wire tests/fmt/syntax-zoo.ax:212:9-13 "effect Wire" @f3f0a43895c12689
E Boxes tests/fmt/syntax-zoo.ax:265:9-14 "effect Boxes" @244d27b945c772d1
