F memAlloc stdlib/Mem.ax:34:9-17 "(Int -> Int)" @0fd03fba89121d1d
F memCopy stdlib/Mem.ax:43:9-16 "(Int -> (Int -> (Int -> Int)))" @3082f9a36dd5daa5
F memCopyFrom stdlib/Mem.ax:66:5-16 "(Int -> (Int -> (Int -> (Int -> Int))))" @b67c8b212d3e4815
F memSet stdlib/Mem.ax:79:9-15 "(Int -> (Int -> (Int -> Int)))" @b8cc3a7d70814fa8
F memSetFrom stdlib/Mem.ax:83:5-15 "(Int -> (Int -> (Int -> (Int -> Int))))" @65d5b9b99d880178
F memCmp stdlib/Mem.ax:97:9-15 "(Int -> (Int -> (Int -> Int)))" @30029e7d2389e32c
F memCmpFrom stdlib/Mem.ax:101:5-15 "(Int -> (Int -> (Int -> (Int -> Int))))" @49581b3d94e680f4
F memGetWord stdlib/Mem.ax:122:9-19 "(Int -> (Int -> Int))" @b5f8fe0f14e0113c
F memSetWord stdlib/Mem.ax:126:9-19 "(Int -> (Int -> (Int -> Int)))" @577fd648169c96a8
F memGetByte stdlib/Mem.ax:133:9-19 "(Int -> (Int -> Int))" @b36a11af3f07101e
F memPutByte stdlib/Mem.ax:137:9-19 "(Int -> (Int -> (Int -> Int)))" @a42c84e86afc6d53
F sysRead stdlib/Sys/Platform.darwin.ax:21:9-16 "Int" @d99009b49c22cd84
F sysWrite stdlib/Sys/Platform.darwin.ax:25:9-17 "Int" @74cf7b68f9a13d7f
F sysOpen stdlib/Sys/Platform.darwin.ax:29:9-16 "Int" @48be4da44965be58
F sysClose stdlib/Sys/Platform.darwin.ax:33:9-17 "Int" @3f19c86be94cca74
F sysExit stdlib/Sys/Platform.darwin.ax:37:9-16 "Int" @c21daf50c2bdc420
F sysLseek stdlib/Sys/Platform.darwin.ax:41:9-17 "Int" @b985a8cd089c8e5c
F openNeedsDirFd stdlib/Sys/Platform.darwin.ax:47:9-23 "Int" @d12588b93c717bad
F atFdCwd stdlib/Sys/Platform.darwin.ax:52:9-16 "Int" @dd105a98ff529076
F oRdonly stdlib/Sys/Platform.darwin.ax:55:9-16 "Int" @bea12e59bc90ac1c
F oWronlyCreateTrunc stdlib/Sys/Platform.darwin.ax:59:9-27 "Int" @20f55868f574f56b
F seekEnd stdlib/Sys/Platform.darwin.ax:62:9-16 "Int" @ffd6d76db53ee6f4
F seekSet stdlib/Sys/Platform.darwin.ax:65:9-16 "Int" @9bb0af6e0d80b0bd
F spawnUsesPosixSpawn stdlib/Sys/Platform.darwin.ax:81:9-28 "Int" @7f321f2729051480
F sysPosixSpawn stdlib/Sys/Platform.darwin.ax:101:9-22 "Int" @301427b704c87bd6
F sysWait4 stdlib/Sys/Platform.darwin.ax:105:9-17 "Int" @c6592bc7da3c817f
F sysFork stdlib/Sys/Platform.darwin.ax:111:9-16 "Int" @d2301f5b9cd3da3c
F sysForkArg stdlib/Sys/Platform.darwin.ax:114:9-19 "Int" @ccc826600e295ed8
F sysExecve stdlib/Sys/Platform.darwin.ax:117:9-18 "Int" @cf0811b42b349ef8
F sysUnlinkNum stdlib/Sys/Platform.darwin.ax:121:9-21 "Int" @ba296983f73bf8b5
F sysMkdirNum stdlib/Sys/Platform.darwin.ax:126:9-20 "Int" @d70958f5f657e079
F sysRmdirNum stdlib/Sys/Platform.darwin.ax:130:9-20 "Int" @624e8f20729e9500
F sysGetPidNum stdlib/Sys/Platform.darwin.ax:134:9-21 "Int" @8dd97b36f3b03217
F sysClockNum stdlib/Sys/Platform.darwin.ax:141:9-20 "Int" @338b1a845ae4c6ae
F clockIsGettimeofday stdlib/Sys/Platform.darwin.ax:144:9-28 "Int" @48d4af426412da35
F apply tests/fmt/syntax-zoo.ax:75:9-14 "((Int -> Int) -> (Int -> Int))" @9fde5fb4f32622ed #effect-params=f
F literals tests/fmt/syntax-zoo.ax:79:5-13 "(Int -> Int)" @44e294b76be6470b
F control tests/fmt/syntax-zoo.ax:89:5-12 "(Int -> Int)" @d78a59fa83fe109c #pure
F classify tests/fmt/syntax-zoo.ax:104:5-13 "(Int -> Int)" @0c968703c9c681f5
F area tests/fmt/syntax-zoo.ax:112:5-9 "(Shape -> Int)" @925bb7869087e3f6
F depth tests/fmt/syntax-zoo.ax:119:5-10 "(Tree Int -> Int)" @bea0e2e519a4f594
F misc tests/fmt/syntax-zoo.ax:126:5-9 "(Rec -> Int)" @a624386346f1362f
F keyword_forms tests/fmt/syntax-zoo.ax:140:5-18 "(Int -> Int)" @81b1a8cbfde09fae #effects=Alloc
F qualified tests/fmt/syntax-zoo.ax:148:5-14 "(Int -> Int)" @6e608b2ecabed39f
F last tests/fmt/syntax-zoo.ax:152:5-9 "(Int -> Int)" @436b6f6ddf64413b
F log - "(String -> Int)" #effects=Console
F send - "(Int -> (Int -> Int))" #effects=Wire
F recv - "(Int -> Int)" #effects=Wire
F handled tests/fmt/syntax-zoo.ax:163:5-12 "(Int -> Int)" @8aed8da9c866693b #effects=Alloc
F scoped tests/fmt/syntax-zoo.ax:167:5-11 "(Int -> Int)" @456a949d82a7c7bf
F aBox tests/fmt/syntax-zoo.ax:188:5-9 "Box Int" @06331c8640b36edb
F store - "(Box Int -> Int)" #effects=Boxes
F interiors tests/fmt/syntax-zoo.ax:232:5-14 "(*Box Int -> ([Box Int] -> (Linear Box Int -> Int)))" @9ab1e7805f0e9380
F typed_exprs tests/fmt/syntax-zoo.ax:235:5-16 "(Int -> Int)" @81369cab7bd3cafe #effects=Alloc
F helperD tests/fmt/syntax-zoo.ax:280:5-12 "(Int -> Int)" @882707b1b1adf681
F zeroParam tests/fmt/syntax-zoo.ax:283:5-14 "Int" @3beac987ddf32d0a
F bigNums tests/fmt/syntax-zoo.ax:286:5-12 "Int" @dd7253ccf2a8d5b6
F addTwo tests/fmt/syntax-zoo.ax:289:5-11 "(Int -> (Int -> Int))" @5d1e51e3da8ca0ac
F spine tests/fmt/syntax-zoo.ax:292:5-10 "Int" @b90b9fd2b6072666
F redundantParens tests/fmt/syntax-zoo.ax:295:5-20 "(Int -> Int)" @1e81a579343438b5
F oneBlock tests/fmt/syntax-zoo.ax:298:5-13 "(Int -> Int)" @0a7b44cba65e02ae
F manyBody tests/fmt/syntax-zoo.ax:301:5-13 "(Int -> Int)" @a31645c57f2b7230
F curried tests/fmt/syntax-zoo.ax:304:5-12 "(Int -> (Int -> Int))" @8e5e55c0dcd4848b
F unitArg tests/fmt/syntax-zoo.ax:313:5-12 "(() -> Int)" @6cefab6aa3adb3a3
F integerName tests/fmt/syntax-zoo.ax:316:5-16 "(Int -> Int)" @78077a35b687a150
F negatives tests/fmt/syntax-zoo.ax:322:5-14 "Int" @c1e7a0698a782505
D Option - "data Option" #ctors=Some,None
C Some - "(a -> Option a)" #of=Option
C None - "Option a" #of=Option
D Shape tests/fmt/syntax-zoo.ax:24:11-16 "data Shape" @f67d31a9f1847a1c #ctors=Circle,Rect,Empty
C Circle tests/fmt/syntax-zoo.ax:25:4-10 "(Int -> Shape)" #of=Shape
C Rect tests/fmt/syntax-zoo.ax:26:4-8 "(Int -> (Int -> Shape))" #of=Shape
C Empty tests/fmt/syntax-zoo.ax:27:4-9 "Shape" #of=Shape
D Tree tests/fmt/syntax-zoo.ax:29:7-11 "data Tree" @a1a9ddbf67cfeaaf #ctors=Leaf,Node
C Leaf tests/fmt/syntax-zoo.ax:30:4-8 "Tree a" #of=Tree
C Node tests/fmt/syntax-zoo.ax:31:4-8 "(Tree a -> (a -> (Tree a -> Tree a)))" #of=Tree
D Colour tests/fmt/syntax-zoo.ax:38:7-13 "data Colour" @04fc433d8eeaf873 #ctors=Red,Green
C Red tests/fmt/syntax-zoo.ax:39:4-7 "Colour" #of=Colour
C Green tests/fmt/syntax-zoo.ax:40:4-9 "Colour" #of=Colour
D Box tests/fmt/syntax-zoo.ax:185:11-14 "data Box" @649cdc153a9e31b4 #ctors=B
C B tests/fmt/syntax-zoo.ax:186:4-5 "(a -> Box a)" #of=Box
D Wrapped tests/fmt/syntax-zoo.ax:196:7-14 "data Wrapped" @456b706b2b771a60 #ctors=W
C W tests/fmt/syntax-zoo.ax:197:4-5 "(Box Int -> Wrapped)" #of=Wrapped
S Rec tests/fmt/syntax-zoo.ax:47:13-16 "struct Rec" @7e8483a9aaef3fde #fields=n:Int,counter:Int,on:Bool,ratio:Float,label:String
S Holder tests/fmt/syntax-zoo.ax:193:9-15 "struct Holder" @39a2b36e5f606cfe #fields=item:Box Int
A Count tests/fmt/syntax-zoo.ax:21:11-16 "Int" @910ecfbfa27ddde2
A BoxedCount tests/fmt/syntax-zoo.ax:191:11-21 "Box Int" @ce5c1ba8305ca704
T Show tests/fmt/syntax-zoo.ax:55:9-13 "trait Show" @8318f82fa5e17568 #methods=show:(a -> Int),width:(a -> Int)
T Ord tests/fmt/syntax-zoo.ax:59:9-12 "trait Ord" @c40227b1c47b7fe4 #methods=cmp:(a -> Int)
T Container tests/fmt/syntax-zoo.ax:199:9-18 "trait Container" @8d4c851c510050c4 #methods=held:Box a
T Boxy tests/fmt/syntax-zoo.ax:203:9-13 "trait Boxy" @c48328b263173335 #methods=reboxed:Box Box a
