Fn       memAlloc             (Int -> Int)                             [stdlib/Mem.ax:39:9-17]
Fn       memCopy              (Int -> (Int -> (Int -> Int)))           [stdlib/Mem.ax:48:9-16]
Fn       memCopyFrom          (Int -> (Int -> (Int -> (Int -> Int))))  [stdlib/Mem.ax:73:5-16]
Fn       memSet               (Int -> (Int -> (Int -> Int)))           [stdlib/Mem.ax:86:9-15]
Fn       memSetFrom           (Int -> (Int -> (Int -> (Int -> Int))))  [stdlib/Mem.ax:90:5-15]
Fn       memCmp               (Int -> (Int -> (Int -> Int)))           [stdlib/Mem.ax:104:9-15]
Fn       memCmpFrom           (Int -> (Int -> (Int -> (Int -> Int))))  [stdlib/Mem.ax:108:5-15]
Fn       memGetWord           (Int -> (Int -> a))                      [stdlib/Mem.ax:129:9-19]
Fn       memSetWord           (Int -> (Int -> (a -> Int)))             [stdlib/Mem.ax:133:9-19]
Fn       memGetByte           (Int -> (Int -> Int))                    [stdlib/Mem.ax:140:9-19]
Fn       memPutByte           (Int -> (Int -> (Int -> Int)))           [stdlib/Mem.ax:144:9-19]
Fn       sysRead              Int                                      [stdlib/Sys/Platform.darwin.ax:21:9-16]
Fn       sysWrite             Int                                      [stdlib/Sys/Platform.darwin.ax:25:9-17]
Fn       sysOpen              Int                                      [stdlib/Sys/Platform.darwin.ax:29:9-16]
Fn       sysClose             Int                                      [stdlib/Sys/Platform.darwin.ax:33:9-17]
Fn       sysExit              Int                                      [stdlib/Sys/Platform.darwin.ax:37:9-16]
Fn       sysLseek             Int                                      [stdlib/Sys/Platform.darwin.ax:41:9-17]
Fn       openNeedsDirFd       Int                                      [stdlib/Sys/Platform.darwin.ax:47:9-23]
Fn       atFdCwd              Int                                      [stdlib/Sys/Platform.darwin.ax:52:9-16]
Fn       oRdonly              Int                                      [stdlib/Sys/Platform.darwin.ax:55:9-16]
Fn       oWronlyCreateTrunc   Int                                      [stdlib/Sys/Platform.darwin.ax:59:9-27]
Fn       seekEnd              Int                                      [stdlib/Sys/Platform.darwin.ax:62:9-16]
Fn       seekSet              Int                                      [stdlib/Sys/Platform.darwin.ax:65:9-16]
Fn       spawnUsesPosixSpawn  Int                                      [stdlib/Sys/Platform.darwin.ax:81:9-28]
Fn       sysPosixSpawn        Int                                      [stdlib/Sys/Platform.darwin.ax:101:9-22]
Fn       sysWait4             Int                                      [stdlib/Sys/Platform.darwin.ax:105:9-17]
Fn       sysFork              Int                                      [stdlib/Sys/Platform.darwin.ax:111:9-16]
Fn       sysForkArg           Int                                      [stdlib/Sys/Platform.darwin.ax:114:9-19]
Fn       sysExecve            Int                                      [stdlib/Sys/Platform.darwin.ax:117:9-18]
Fn       sysUnlinkNum         Int                                      [stdlib/Sys/Platform.darwin.ax:121:9-21]
Fn       sysMkdirNum          Int                                      [stdlib/Sys/Platform.darwin.ax:126:9-20]
Fn       sysRmdirNum          Int                                      [stdlib/Sys/Platform.darwin.ax:130:9-20]
Fn       sysGetPidNum         Int                                      [stdlib/Sys/Platform.darwin.ax:134:9-21]
Fn       sysClockNum          Int                                      [stdlib/Sys/Platform.darwin.ax:141:9-20]
Fn       clockIsGettimeofday  Int                                      [stdlib/Sys/Platform.darwin.ax:144:9-28]
Fn       apply                ((Int -> Int) -> (Int -> Int))           [tests/fmt/syntax-zoo.ax:75:9-14]
Fn       literals             (Int -> Int)                             [tests/fmt/syntax-zoo.ax:79:5-13]
Fn       control              (Int -> Int)                             [tests/fmt/syntax-zoo.ax:89:5-12]
Fn       classify             (Int -> Int)                             [tests/fmt/syntax-zoo.ax:104:5-13]
Fn       area                 (Shape -> Int)                           [tests/fmt/syntax-zoo.ax:112:5-9]
Fn       depth                (Tree Int -> Int)                        [tests/fmt/syntax-zoo.ax:119:5-10]
Fn       misc                 (Rec -> Int)                             [tests/fmt/syntax-zoo.ax:126:5-9]
Fn       keyword_forms        (Int -> Int)                             [tests/fmt/syntax-zoo.ax:140:5-18]
Fn       qualified            (Int -> Int)                             [tests/fmt/syntax-zoo.ax:148:5-14]
Fn       last                 (Int -> Int)                             [tests/fmt/syntax-zoo.ax:152:5-9]
Fn       log                  (String -> Int)                          [builtin]
Fn       send                 (Int -> (Int -> Int))                    [builtin]
Fn       recv                 (Int -> Int)                             [builtin]
Fn       handled              (Int -> Int)                             [tests/fmt/syntax-zoo.ax:163:5-12]
Fn       scoped               (Int -> Int)                             [tests/fmt/syntax-zoo.ax:167:5-11]
Fn       aBox                 Box Int                                  [tests/fmt/syntax-zoo.ax:188:5-9]
Fn       store                (Box Int -> Int)                         [builtin]
Fn       interiors            (*Box Int -> ([Box Int] -> (Linear Box Int -> Int))) [tests/fmt/syntax-zoo.ax:232:5-14]
Fn       typed_exprs          (Int -> Int)                             [tests/fmt/syntax-zoo.ax:235:5-16]
Fn       helperD              (Int -> Int)                             [tests/fmt/syntax-zoo.ax:280:5-12]
Fn       zeroParam            Int                                      [tests/fmt/syntax-zoo.ax:283:5-14]
Fn       bigNums              Int                                      [tests/fmt/syntax-zoo.ax:286:5-12]
Fn       addTwo               (Int -> (Int -> Int))                    [tests/fmt/syntax-zoo.ax:289:5-11]
Fn       spine                Int                                      [tests/fmt/syntax-zoo.ax:292:5-10]
Fn       redundantParens      (Int -> Int)                             [tests/fmt/syntax-zoo.ax:295:5-20]
Fn       oneBlock             (Int -> Int)                             [tests/fmt/syntax-zoo.ax:298:5-13]
Fn       manyBody             (Int -> Int)                             [tests/fmt/syntax-zoo.ax:301:5-13]
Fn       curried              (Int -> (Int -> Int))                    [tests/fmt/syntax-zoo.ax:304:5-12]
Fn       unitArg              (() -> Int)                              [tests/fmt/syntax-zoo.ax:313:5-12]
Fn       integerName          (Int -> Int)                             [tests/fmt/syntax-zoo.ax:316:5-16]
Fn       negatives            Int                                      [tests/fmt/syntax-zoo.ax:322:5-14]
Data     Option               data Option                              [builtin]
Ctor     Some                 (a -> Option a)                          [builtin]
Ctor     None                 Option a                                 [builtin]
Data     Shape                data Shape                               [tests/fmt/syntax-zoo.ax:24:11-16]
Ctor     Circle               (Int -> Shape)                           [tests/fmt/syntax-zoo.ax:25:4-10]
Ctor     Rect                 (Int -> (Int -> Shape))                  [tests/fmt/syntax-zoo.ax:26:4-8]
Ctor     Empty                Shape                                    [tests/fmt/syntax-zoo.ax:27:4-9]
Data     Tree                 data Tree                                [tests/fmt/syntax-zoo.ax:29:7-11]
Ctor     Leaf                 Tree a                                   [tests/fmt/syntax-zoo.ax:30:4-8]
Ctor     Node                 (Tree a -> (a -> (Tree a -> Tree a)))    [tests/fmt/syntax-zoo.ax:31:4-8]
Data     Colour               data Colour                              [tests/fmt/syntax-zoo.ax:38:7-13]
Ctor     Red                  Colour                                   [tests/fmt/syntax-zoo.ax:39:4-7]
Ctor     Green                Colour                                   [tests/fmt/syntax-zoo.ax:40:4-9]
Data     Box                  data Box                                 [tests/fmt/syntax-zoo.ax:185:11-14]
Ctor     B                    (a -> Box a)                             [tests/fmt/syntax-zoo.ax:186:4-5]
Data     Wrapped              data Wrapped                             [tests/fmt/syntax-zoo.ax:196:7-14]
Ctor     W                    (Box Int -> Wrapped)                     [tests/fmt/syntax-zoo.ax:197:4-5]
Struct   Rec                  struct Rec                               [tests/fmt/syntax-zoo.ax:47:13-16]
Struct   Holder               struct Holder                            [tests/fmt/syntax-zoo.ax:193:9-15]
Alias    Count                Int                                      [tests/fmt/syntax-zoo.ax:21:11-16]
Alias    BoxedCount           Box Int                                  [tests/fmt/syntax-zoo.ax:191:11-21]
Trait    Show                 trait Show                               [tests/fmt/syntax-zoo.ax:55:9-13]
Trait    Ord                  trait Ord                                [tests/fmt/syntax-zoo.ax:59:9-12]
Trait    Container            trait Container                          [tests/fmt/syntax-zoo.ax:199:9-18]
Trait    Boxy                 trait Boxy                               [tests/fmt/syntax-zoo.ax:203:9-13]
