Fn       memAlloc             (Int -> Int)                             [stdlib/Mem.ax:39:9-17]
Fn       memAllocMapped       (Int -> (Int -> Int))                    [stdlib/Mem.ax:75:9-23]
Fn       memMarkArray         (Int -> Int)                             [stdlib/Mem.ax:125:9-21]
Fn       memMarkLeaf          (Int -> Int)                             [stdlib/Mem.ax:141:9-20]
Fn       memCopy              (Int -> (Int -> (Int -> Int)))           [stdlib/Mem.ax:180:9-16]
Fn       memCopyFrom          (Int -> (Int -> (Int -> (Int -> Int))))  [stdlib/Mem.ax:205:5-16]
Fn       memSet               (Int -> (Int -> (Int -> Int)))           [stdlib/Mem.ax:222:9-15]
Fn       memSetFrom           (Int -> (Int -> (Int -> (Int -> Int))))  [stdlib/Mem.ax:227:5-15]
Fn       memCmp               (Int -> (Int -> (Int -> Int)))           [stdlib/Mem.ax:245:9-15]
Fn       memCmpFrom           (Int -> (Int -> (Int -> (Int -> Int))))  [stdlib/Mem.ax:250:5-15]
Fn       memGetWord           (Int -> (Int -> Int))                    [stdlib/Mem.ax:281:9-19]
Fn       memGetWordStr        (Int -> (Int -> String))                 [stdlib/Mem.ax:294:9-22]
Fn       memGetWordVec        (Int -> (Int -> Vec a))                  [stdlib/Mem.ax:307:9-22]
Fn       memSetWord           (Int -> (Int -> (a -> Int)))             [stdlib/Mem.ax:338:9-19]
Fn       memGetByte           (Int -> (Int -> Int))                    [stdlib/Mem.ax:351:9-19]
Fn       memPutByte           (Int -> (Int -> (Int -> Int)))           [stdlib/Mem.ax:356:9-19]
Fn       vecDefaultCap        Int                                      [stdlib/Vec.ax:81:5-18]
Fn       vecNew               Vec a                                    [stdlib/Vec.ax:87:9-15]
Fn       vecWithCapacity      (Int -> Vec a)                           [stdlib/Vec.ax:99:9-24]
Fn       vecWithCapacityRef   (Int -> Vec a)                           [stdlib/Vec.ax:106:9-27]
Fn       vecNewRef            Vec a                                    [stdlib/Vec.ax:112:9-18]
Fn       vecBuild             (Int -> (Int -> Vec a))                  [stdlib/Vec.ax:124:5-13]
Fn       vecFree              (Vec a -> Int)                           [stdlib/Vec.ax:167:9-16]
Fn       vecOwnsRefs          (Vec a -> Bool)                          [stdlib/Vec.ax:183:9-20]
Fn       vecLen               (Vec a -> Int)                           [stdlib/Vec.ax:188:9-15]
Fn       vecCap               (Vec a -> Int)                           [stdlib/Vec.ax:193:9-15]
Fn       vecData              (Vec a -> Int)                           [stdlib/Vec.ax:204:5-12]
Fn       vecGet               (Vec a -> (Int -> a))                    [stdlib/Vec.ax:247:9-15]
Fn       vecTry               (Vec a -> (Int -> Option a))             [stdlib/Vec.ax:286:9-15]
Fn       vecGetStr            (Vec a -> (Int -> String))               [stdlib/Vec.ax:299:9-18]
Fn       vecGetVec            (Vec a -> (Int -> Vec b))                [stdlib/Vec.ax:320:9-18]
Fn       vecPushStr           (Vec a -> (String -> Vec a))             [stdlib/Vec.ax:343:9-19]
Fn       vecPushVec           (Vec a -> (Vec b -> Vec a))              [stdlib/Vec.ax:355:9-19]
Fn       vecSet               (Vec a -> (Int -> (a -> Vec a)))         [stdlib/Vec.ax:371:9-15]
Fn       vecReserve           (Vec a -> (Int -> Vec a))                [stdlib/Vec.ax:403:5-15]
Fn       vecGrownCap          (Int -> (Int -> Int))                    [stdlib/Vec.ax:423:5-16]
Fn       vecReserveExactly    (Vec a -> (Int -> Vec a))                [stdlib/Vec.ax:439:5-22]
Fn       vecPush              (Vec a -> (a -> Vec a))                  [stdlib/Vec.ax:478:9-16]
Fn       vecPop               (Vec a -> a)                             [stdlib/Vec.ax:508:9-15]
Fn       vecLast              (Vec a -> a)                             [stdlib/Vec.ax:539:9-16]
Fn       vecClear             (Vec a -> Vec a)                         [stdlib/Vec.ax:551:9-17]
Fn       vecDropAt            (Vec a -> (Int -> Vec a))                [stdlib/Vec.ax:567:5-14]
Fn       vecDropFrom          (Vec a -> (Int -> Vec a))                [stdlib/Vec.ax:580:5-16]
Fn       vecSum               (Vec Int -> Int)                         [stdlib/Vec.ax:603:9-15]
Fn       vecSumFrom           (Vec Int -> (Int -> (Int -> Int)))       [stdlib/Vec.ax:608:5-15]
Fn       vecHash              (Vec Int -> Int)                         [stdlib/Vec.ax:624:9-16]
Fn       vecHashFrom          (Vec Int -> (Int -> (Int -> Int)))       [stdlib/Vec.ax:629:5-16]
Fn       vecSwapWords         (Int -> (Int -> (Int -> Int)))           [stdlib/Vec.ax:660:5-17]
Fn       vecSiftDown          (Int -> (Int -> (Int -> Int)))           [stdlib/Vec.ax:674:5-16]
Fn       vecSort              (Vec a -> Vec a)                         [stdlib/Vec.ax:721:9-16]
Fn       vecSiftDownBy        (Int -> (Int -> (Int -> ((Int -> (Int -> Int)) -> Int)))) [stdlib/Vec.ax:749:5-18]
Fn       vecSortBy            (Vec a -> ((Int -> (Int -> Int)) -> Vec a)) [stdlib/Vec.ax:809:9-18]
Fn       strWrap              (Int -> (Int -> String))                 [stdlib/Str.ax:46:9-16]
Fn       strWrapOwned         (Int -> (Int -> (Int -> String)))        [stdlib/Str.ax:69:9-21]
Fn       strAlloc             (Int -> String)                          [stdlib/Str.ax:94:9-17]
Fn       strFromLit           (Int -> String)                          [stdlib/Str.ax:119:9-19]
Fn       cstrLen              (Int -> (Int -> Int))                    [stdlib/Str.ax:125:9-16]
Fn       strLen               (String -> Int)                          [stdlib/Str.ax:138:9-15]
Fn       strData              (String -> Int)                          [stdlib/Str.ax:151:9-16]
Fn       strOwner             (String -> Int)                          [stdlib/Str.ax:162:9-17]
Fn       strByte              (String -> (Int -> Int))                 [stdlib/Str.ax:176:9-16]
Fn       strCStr              (String -> Int)                          [stdlib/Str.ax:193:9-16]
Fn       strIsEmpty           (String -> Bool)                         [stdlib/Str.ax:198:9-19]
Fn       strCmp               (String -> (String -> Int))              [stdlib/Str.ax:209:9-15]
Fn       strEq                (String -> (String -> Bool))             [stdlib/Str.ax:251:9-14]
Fn       strSlice             (String -> (Int -> (Int -> String)))     [stdlib/Str.ax:276:9-17]
Fn       strDup               (String -> String)                       [stdlib/Str.ax:314:9-15]
Fn       strConcat            (String -> (String -> String))           [stdlib/Str.ax:328:9-18]
Fn       strFindByte          (String -> (Int -> (Int -> Int)))        [stdlib/Str.ax:350:9-20]
Fn       strStartsWith        (String -> (String -> Bool))             [stdlib/Str.ax:363:9-22]
Fn       strIsDigit           (Int -> Bool)                            [stdlib/Str.ax:396:9-19]
Fn       strIsAlpha           (Int -> Bool)                            [stdlib/Str.ax:406:9-19]
Fn       strIsSpace           (Int -> Bool)                            [stdlib/Str.ax:425:9-19]
Fn       strHexVal            (Int -> Option Int)                      [stdlib/Str.ax:455:9-18]
Fn       strIsHexDigit        (Int -> Bool)                            [stdlib/Str.ax:471:9-22]
Fn       strSplit             (String -> (Int -> Vec Int))             [stdlib/Str.ax:497:9-17]
Fn       strSplitFrom         (String -> (Int -> (Int -> (Vec Int -> Int)))) [stdlib/Str.ax:509:9-21]
Fn       strFromByte          (Int -> String)                          [stdlib/Str.ax:536:9-20]
Fn       strLower             (String -> String)                       [stdlib/Str.ax:565:9-17]
Fn       strFind              (String -> (String -> (Int -> Option Int))) [stdlib/Str.ax:620:9-16]
Fn       strTrim              (String -> String)                       [stdlib/Str.ax:651:9-16]
Fn       strParseInt          (String -> Option Int)                   [stdlib/Str.ax:683:9-20]
Fn       errDivideByZero      Int                                      [stdlib/Err.ax:47:9-24]
Fn       errOverflow          Int                                      [stdlib/Err.ax:51:9-20]
Fn       errShiftTooWide      Int                                      [stdlib/Err.ax:55:9-24]
Fn       errShortWrite        Int                                      [stdlib/Err.ax:65:9-22]
Fn       mkError              (Int -> (String -> Error))               [stdlib/Err.ax:69:9-16]
Fn       errCode              (Error -> Int)                           [stdlib/Err.ax:73:9-16]
Fn       errMessage           (Error -> String)                        [stdlib/Err.ax:77:9-19]
Fn       errContext           (Error -> String)                        [stdlib/Err.ax:81:9-19]
Fn       errorText            (Error -> String)                        [stdlib/Err.ax:90:9-18]
Fn       isOk                 (Result a e -> Bool)                     [stdlib/Err.ax:102:9-13]
Fn       isErr                (Result a e -> Bool)                     [stdlib/Err.ax:111:9-14]
Fn       unwrapOr             (Result a e -> (a -> a))                 [stdlib/Err.ax:120:9-17]
Fn       mapOk                (Result a e -> ((a -> b) -> Result b e)) [stdlib/Err.ax:136:9-14]
Fn       mapErr               (Result a e -> ((e -> f) -> Result a f)) [stdlib/Err.ax:145:9-15]
Fn       andThen              (Result a e -> ((a -> Result b e) -> Result b e)) [stdlib/Err.ax:154:9-16]
Fn       errContextOf         (Error -> (String -> Error))             [stdlib/Err.ax:185:9-21]
Fn       withContext          (Result a Error -> (String -> Result a Error)) [stdlib/Err.ax:189:9-20]
Fn       okOr                 (Option a -> (e -> Result a e))          [stdlib/Err.ax:205:9-13]
Fn       toOption             (Result a e -> Option a)                 [stdlib/Err.ax:214:9-17]
Fn       isSome               (Option a -> Bool)                       [stdlib/Err.ax:252:9-15]
Fn       isNone               (Option a -> Bool)                       [stdlib/Err.ax:263:9-15]
Fn       optUnwrapOr          (Option a -> (a -> a))                   [stdlib/Err.ax:275:9-20]
Fn       optMap               (Option a -> ((a -> b) -> Option b))     [stdlib/Err.ax:287:9-15]
Fn       optAndThen           (Option a -> ((a -> Option b) -> Option b)) [stdlib/Err.ax:299:9-19]
Fn       optOr                (Option a -> (Option a -> Option a))     [stdlib/Err.ax:312:9-14]
Fn       intMin               Int                                      [stdlib/Err.ax:335:9-15]
Fn       addChecked           (Int -> (Int -> Result Int Error))       [stdlib/Err.ax:369:9-19]
Fn       subChecked           (Int -> (Int -> Result Int Error))       [stdlib/Err.ax:382:9-19]
Fn       mulChecked           (Int -> (Int -> Result Int Error))       [stdlib/Err.ax:395:9-19]
Fn       divChecked           (Int -> (Int -> Result Int Error))       [stdlib/Err.ax:428:9-19]
Fn       remChecked           (Int -> (Int -> Result Int Error))       [stdlib/Err.ax:440:9-19]
Fn       shlChecked           (Int -> (Int -> Result Int Error))       [stdlib/Err.ax:455:9-19]
Fn       shrChecked           (Int -> (Int -> Result Int Error))       [stdlib/Err.ax:464:9-19]
Fn       sysRead              Int                                      [stdlib/Sys/Platform.darwin.ax:25:9-16]
Fn       sysWrite             Int                                      [stdlib/Sys/Platform.darwin.ax:30:9-17]
Fn       sysOpen              Int                                      [stdlib/Sys/Platform.darwin.ax:35:9-16]
Fn       sysClose             Int                                      [stdlib/Sys/Platform.darwin.ax:40:9-17]
Fn       sysExit              Int                                      [stdlib/Sys/Platform.darwin.ax:45:9-16]
Fn       sysLseek             Int                                      [stdlib/Sys/Platform.darwin.ax:50:9-17]
Fn       openNeedsDirFd       Int                                      [stdlib/Sys/Platform.darwin.ax:57:9-23]
Fn       atFdCwd              Int                                      [stdlib/Sys/Platform.darwin.ax:63:9-16]
Fn       oRdonly              Int                                      [stdlib/Sys/Platform.darwin.ax:67:9-16]
Fn       oWronlyCreateTrunc   Int                                      [stdlib/Sys/Platform.darwin.ax:72:9-27]
Fn       oWronlyCreateAppend  Int                                      [stdlib/Sys/Platform.darwin.ax:83:9-28]
Fn       seekEnd              Int                                      [stdlib/Sys/Platform.darwin.ax:87:9-16]
Fn       seekSet              Int                                      [stdlib/Sys/Platform.darwin.ax:91:9-16]
Fn       spawnUsesPosixSpawn  Int                                      [stdlib/Sys/Platform.darwin.ax:108:9-28]
Fn       sysPosixSpawn        Int                                      [stdlib/Sys/Platform.darwin.ax:129:9-22]
Fn       sysWait4             Int                                      [stdlib/Sys/Platform.darwin.ax:134:9-17]
Fn       sysFork              Int                                      [stdlib/Sys/Platform.darwin.ax:153:9-16]
Fn       sysForkArg           Int                                      [stdlib/Sys/Platform.darwin.ax:157:9-19]
Fn       sysExecve            Int                                      [stdlib/Sys/Platform.darwin.ax:161:9-18]
Fn       sysUnlinkNum         Int                                      [stdlib/Sys/Platform.darwin.ax:166:9-21]
Fn       sysMkdirNum          Int                                      [stdlib/Sys/Platform.darwin.ax:172:9-20]
Fn       sysRmdirNum          Int                                      [stdlib/Sys/Platform.darwin.ax:177:9-20]
Fn       sysRenameNum         Int                                      [stdlib/Sys/Platform.darwin.ax:183:9-21]
Fn       sysGetdentsNum       Int                                      [stdlib/Sys/Platform.darwin.ax:199:9-23]
Fn       dirReadNeedsPosition Int                                      [stdlib/Sys/Platform.darwin.ax:203:9-29]
Fn       direntNameOffset     Int                                      [stdlib/Sys/Platform.darwin.ax:217:9-25]
Fn       cwdUsesFcntlPath     Int                                      [stdlib/Sys/Platform.darwin.ax:237:9-25]
Fn       sysCwdNum            Int                                      [stdlib/Sys/Platform.darwin.ax:242:9-18]
Fn       fGetPath             Int                                      [stdlib/Sys/Platform.darwin.ax:246:9-17]
Fn       eExist               Int                                      [stdlib/Sys/Platform.darwin.ax:259:9-15]
Fn       eIsDir               Int                                      [stdlib/Sys/Platform.darwin.ax:263:9-15]
Fn       sysGetPidNum         Int                                      [stdlib/Sys/Platform.darwin.ax:268:9-21]
Fn       sysClockNum          Int                                      [stdlib/Sys/Platform.darwin.ax:276:9-20]
Fn       clockIsGettimeofday  Int                                      [stdlib/Sys/Platform.darwin.ax:280:9-28]
Fn       clockHasMonotonic    Int                                      [stdlib/Sys/Platform.darwin.ax:312:9-26]
Fn       clockMonotonicId     Int                                      [stdlib/Sys/Platform.darwin.ax:323:9-25]
Fn       sysSocketNum         Int                                      [stdlib/Sys/Platform.darwin.ax:346:9-21]
Fn       sysBindNum           Int                                      [stdlib/Sys/Platform.darwin.ax:353:9-19]
Fn       sysListenNum         Int                                      [stdlib/Sys/Platform.darwin.ax:358:9-21]
Fn       sysAcceptNum         Int                                      [stdlib/Sys/Platform.darwin.ax:370:9-21]
Fn       sysConnectNum        Int                                      [stdlib/Sys/Platform.darwin.ax:376:9-22]
Fn       sysSetSockOptNum     Int                                      [stdlib/Sys/Platform.darwin.ax:381:9-25]
Fn       sysGetSockOptNum     Int                                      [stdlib/Sys/Platform.darwin.ax:386:9-25]
Fn       sysShutdownNum       Int                                      [stdlib/Sys/Platform.darwin.ax:391:9-23]
Fn       sysFcntlNum          Int                                      [stdlib/Sys/Platform.darwin.ax:399:9-20]
Fn       afInet               Int                                      [stdlib/Sys/Platform.darwin.ax:406:9-15]
Fn       afInet6              Int                                      [stdlib/Sys/Platform.darwin.ax:425:9-16]
Fn       sockStream           Int                                      [stdlib/Sys/Platform.darwin.ax:429:9-19]
Fn       solSocket            Int                                      [stdlib/Sys/Platform.darwin.ax:439:9-18]
Fn       soReuseAddr          Int                                      [stdlib/Sys/Platform.darwin.ax:443:9-20]
Fn       soReusePort          Int                                      [stdlib/Sys/Platform.darwin.ax:447:9-20]
Fn       soError              Int                                      [stdlib/Sys/Platform.darwin.ax:451:9-16]
Fn       fGetFl               Int                                      [stdlib/Sys/Platform.darwin.ax:457:9-15]
Fn       fSetFl               Int                                      [stdlib/Sys/Platform.darwin.ax:461:9-15]
Fn       oNonblock            Int                                      [stdlib/Sys/Platform.darwin.ax:465:9-18]
Fn       eAgain               Int                                      [stdlib/Sys/Platform.darwin.ax:473:9-15]
Fn       sockaddrHasLenByte   Int                                      [stdlib/Sys/Platform.darwin.ax:512:9-27]
Fn       pollUsesKqueue       Int                                      [stdlib/Sys/Platform.darwin.ax:532:9-23]
Fn       sysPollCreateNum     Int                                      [stdlib/Sys/Platform.darwin.ax:537:9-25]
Fn       sysPollWaitNum       Int                                      [stdlib/Sys/Platform.darwin.ax:544:9-23]
Fn       sysPollCtlNum        Int                                      [stdlib/Sys/Platform.darwin.ax:548:9-22]
Fn       pollEventSize        Int                                      [stdlib/Sys/Platform.darwin.ax:562:9-22]
Fn       pollEventFdOffset    Int                                      [stdlib/Sys/Platform.darwin.ax:566:9-26]
Fn       pollReadFilter       Int                                      [stdlib/Sys/Platform.darwin.ax:575:9-23]
Fn       pollAddOp            Int                                      [stdlib/Sys/Platform.darwin.ax:582:9-18]
Fn       pollDelOp            Int                                      [stdlib/Sys/Platform.darwin.ax:586:9-18]
Fn       pollSigsetSize       Int                                      [stdlib/Sys/Platform.darwin.ax:593:9-23]
Fn       sysRandomNum         Int                                      [stdlib/Sys/Platform.darwin.ax:612:9-21]
Fn       randomIsGetentropy   Int                                      [stdlib/Sys/Platform.darwin.ax:616:9-27]
Fn       randomMaxChunk       Int                                      [stdlib/Sys/Platform.darwin.ax:620:9-23]
Fn       signalUsesSignalFd   Int                                      [stdlib/Sys/Platform.darwin.ax:646:9-27]
Fn       sysSigProcMaskNum    Int                                      [stdlib/Sys/Platform.darwin.ax:651:9-26]
Fn       sigBlockHow          Int                                      [stdlib/Sys/Platform.darwin.ax:659:9-20]
Fn       sigsetBytes          Int                                      [stdlib/Sys/Platform.darwin.ax:666:9-20]
Fn       pollSignalFilter     Int                                      [stdlib/Sys/Platform.darwin.ax:673:9-25]
Fn       sysSignalFdNum       Int                                      [stdlib/Sys/Platform.darwin.ax:679:9-23]
Fn       sigInfoSize          Int                                      [stdlib/Sys/Platform.darwin.ax:683:9-20]
Fn       sysKillNum           Int                                      [stdlib/Sys/Platform.darwin.ax:688:9-19]
Fn       sigTerm              Int                                      [stdlib/Sys/Platform.darwin.ax:695:9-16]
Fn       sigInt               Int                                      [stdlib/Sys/Platform.darwin.ax:699:9-15]
Fn       forkChildIsZero      Int                                      [stdlib/Sys/Platform.darwin.ax:706:9-24]
Fn       acceptNonblockFlag   Int                                      [stdlib/Sys/Platform.darwin.ax:721:9-27]
Fn       usesSyscallAbi       Int                                      [stdlib/Sys/Platform.darwin.ax:738:9-23]
Fn       platformWriteFd      (Int -> (Int -> (Int -> Result Int Error))) [stdlib/Sys/Platform.darwin.ax:742:9-24]
Fn       platformReadFd       (Int -> (Int -> (Int -> Result Int Error))) [stdlib/Sys/Platform.darwin.ax:746:9-23]
Fn       platformExitWith     (Int -> Int)                             [stdlib/Sys/Platform.darwin.ax:750:9-25]
Fn       ttyUsesTermios       Int                                      [stdlib/Sys/Platform.darwin.ax:785:9-23]
Fn       sysIoctlNum          Int                                      [stdlib/Sys/Platform.darwin.ax:792:9-20]
Fn       tcGetAttrReq         Int                                      [stdlib/Sys/Platform.darwin.ax:806:9-21]
Fn       tcSetAttrReq         Int                                      [stdlib/Sys/Platform.darwin.ax:828:9-21]
Fn       tcWinSizeReq         Int                                      [stdlib/Sys/Platform.darwin.ax:843:9-21]
Fn       termiosBytes         Int                                      [stdlib/Sys/Platform.darwin.ax:855:9-21]
Fn       termiosFlagBytes     Int                                      [stdlib/Sys/Platform.darwin.ax:865:9-25]
Fn       termiosCcOff         Int                                      [stdlib/Sys/Platform.darwin.ax:871:9-21]
Fn       termiosVminIdx       Int                                      [stdlib/Sys/Platform.darwin.ax:882:9-23]
Fn       termiosVtimeIdx      Int                                      [stdlib/Sys/Platform.darwin.ax:886:9-24]
Fn       tiosEcho             Int                                      [stdlib/Sys/Platform.darwin.ax:897:9-17]
Fn       tiosIcanon           Int                                      [stdlib/Sys/Platform.darwin.ax:901:9-19]
Fn       tiosIsig             Int                                      [stdlib/Sys/Platform.darwin.ax:905:9-17]
Fn       tiosIexten           Int                                      [stdlib/Sys/Platform.darwin.ax:909:9-19]
Fn       tiosBrkint           Int                                      [stdlib/Sys/Platform.darwin.ax:923:9-19]
Fn       tiosIcrnl            Int                                      [stdlib/Sys/Platform.darwin.ax:927:9-18]
Fn       tiosIstrip           Int                                      [stdlib/Sys/Platform.darwin.ax:931:9-19]
Fn       tiosIxon             Int                                      [stdlib/Sys/Platform.darwin.ax:935:9-17]
Fn       tiosOpost            Int                                      [stdlib/Sys/Platform.darwin.ax:948:9-18]
Fn       apply                ((Int -> Int) -> (Int -> Int))           [tests/fmt/syntax-zoo.ax:96:9-14]
Fn       literals             (Int -> Int)                             [tests/fmt/syntax-zoo.ax:100:5-13]
Fn       control              (Int -> Int)                             [tests/fmt/syntax-zoo.ax:110:5-12]
Fn       counted              (Vec Int -> Int)                         [tests/fmt/syntax-zoo.ax:125:5-12]
Fn       arenaSum             (Int -> Int)                             [tests/fmt/syntax-zoo.ax:136:5-13]
Fn       classify             (Int -> Int)                             [tests/fmt/syntax-zoo.ax:143:5-13]
Fn       area                 (Shape -> Int)                           [tests/fmt/syntax-zoo.ax:151:5-9]
Fn       depth                (Tree Int -> Int)                        [tests/fmt/syntax-zoo.ax:158:5-10]
Fn       add2                 (Int -> (Int -> Int))                    [tests/fmt/syntax-zoo.ax:174:5-9]
Fn       ignoresIts           (Int -> (Int -> Int))                    [tests/fmt/syntax-zoo.ax:177:5-15]
Fn       holeExample          Int                                      [tests/fmt/syntax-zoo.ax:180:5-16]
Fn       misc                 (Rec -> Int)                             [tests/fmt/syntax-zoo.ax:186:5-9]
Fn       keyword_forms        (Int -> Int)                             [tests/fmt/syntax-zoo.ax:200:5-18]
Fn       qualified            (Int -> Int)                             [tests/fmt/syntax-zoo.ax:208:5-14]
Fn       last                 (Int -> Int)                             [tests/fmt/syntax-zoo.ax:212:5-9]
Fn       log                  (String -> Int)                          [builtin]
Fn       send                 (Int -> (Int -> Int))                    [builtin]
Fn       recv                 (Int -> Int)                             [builtin]
Fn       handled              (Int -> Int)                             [tests/fmt/syntax-zoo.ax:223:5-12]
Fn       scoped               (Int -> Int)                             [tests/fmt/syntax-zoo.ax:227:5-11]
Fn       aBox                 Box Int                                  [tests/fmt/syntax-zoo.ax:248:5-9]
Fn       store                (Box Int -> Int)                         [builtin]
Fn       interiors            (*Box Int -> ([Box Int] -> (Box Int -> Int))) [tests/fmt/syntax-zoo.ax:287:5-14]
Fn       typed_exprs          (Int -> Int)                             [tests/fmt/syntax-zoo.ax:290:5-16]
Fn       helperD              (Int -> Int)                             [tests/fmt/syntax-zoo.ax:335:5-12]
Fn       zeroParam            Int                                      [tests/fmt/syntax-zoo.ax:338:5-14]
Fn       bigNums              Int                                      [tests/fmt/syntax-zoo.ax:341:5-12]
Fn       addTwo               (Int -> (Int -> Int))                    [tests/fmt/syntax-zoo.ax:344:5-11]
Fn       spine                Int                                      [tests/fmt/syntax-zoo.ax:347:5-10]
Fn       redundantParens      (Int -> Int)                             [tests/fmt/syntax-zoo.ax:350:5-20]
Fn       oneBlock             (Int -> Int)                             [tests/fmt/syntax-zoo.ax:353:5-13]
Fn       manyBody             (Int -> Int)                             [tests/fmt/syntax-zoo.ax:356:5-13]
Fn       curried              (Int -> (Int -> Int))                    [tests/fmt/syntax-zoo.ax:359:5-12]
Fn       unitArg              (() -> Int)                              [tests/fmt/syntax-zoo.ax:368:5-12]
Fn       integerName          (Int -> Int)                             [tests/fmt/syntax-zoo.ax:371:5-16]
Fn       negatives            Int                                      [tests/fmt/syntax-zoo.ax:377:5-14]
Fn       splitTags            (Int -> Int)                             [tests/fmt/syntax-zoo.ax:410:5-14]
Fn       beside               (Int -> Int)                             [tests/fmt/syntax-zoo.ax:418:5-11]
Fn       alone                (Int -> Int)                             [tests/fmt/syntax-zoo.ax:422:5-10]
Fn       restrictedTwice      (Int -> Int)                             [tests/fmt/syntax-zoo.ax:433:5-20]
Fn       regionKeep           (Vec String -> (String -> (a -> Int)))   [tests/fmt/syntax-zoo.ax:440:5-15]
Data     Option               data Option                              [builtin]
Ctor     Some                 (a -> Option a)                          [builtin]
Ctor     None                 Option a                                 [builtin]
Data     Vec                  data Vec                                 [builtin]
Data     Result               data Result                              [stdlib/Err.ax:28:11-17]
Ctor     Ok                   (a -> Result a e)                        [stdlib/Err.ax:29:4-6]
Ctor     Err                  (e -> Result a e)                        [stdlib/Err.ax:30:4-7]
Data     Shape                data Shape                               [tests/fmt/syntax-zoo.ax:29:11-16]
Ctor     Circle               (Int -> Shape)                           [tests/fmt/syntax-zoo.ax:30:4-10]
Ctor     Rect                 (Int -> (Int -> Shape))                  [tests/fmt/syntax-zoo.ax:31:4-8]
Ctor     Empty                Shape                                    [tests/fmt/syntax-zoo.ax:32:4-9]
Data     Tree                 data Tree                                [tests/fmt/syntax-zoo.ax:34:7-11]
Ctor     Leaf                 Tree a                                   [tests/fmt/syntax-zoo.ax:35:4-8]
Ctor     Node                 (Tree a -> (a -> (Tree a -> Tree a)))    [tests/fmt/syntax-zoo.ax:36:4-8]
Data     Box                  data Box                                 [tests/fmt/syntax-zoo.ax:245:11-14]
Ctor     B                    (a -> Box a)                             [tests/fmt/syntax-zoo.ax:246:4-5]
Data     Wrapped              data Wrapped                             [tests/fmt/syntax-zoo.ax:263:7-14]
Ctor     W                    (Box Int -> Wrapped)                     [tests/fmt/syntax-zoo.ax:264:4-5]
Struct   Error                struct Error                             [stdlib/Err.ax:40:13-18]
Struct   Rec                  struct Rec                               [tests/fmt/syntax-zoo.ax:55:13-16]
Struct   ZooCap               struct ZooCap                            [tests/fmt/syntax-zoo.ax:253:9-15]
Struct   ZooPair              struct ZooPair                           [tests/fmt/syntax-zoo.ax:256:9-16]
Struct   Holder               struct Holder                            [tests/fmt/syntax-zoo.ax:260:9-15]
Struct   RecTwin              struct RecTwin                           [tests/fmt/syntax-zoo.ax:401:13-20]
Alias    Count                Int                                      [tests/fmt/syntax-zoo.ax:26:11-16]
Alias    BoxedCount           Box Int                                  [tests/fmt/syntax-zoo.ax:251:11-21]
Macro    try!                 macro try!                               [stdlib/Err.ax:499:13-17]
Macro    twice                macro twice                              [tests/fmt/syntax-zoo.ax:93:9-14]
Macro    defRecTwin           macro defRecTwin                         [tests/fmt/syntax-zoo.ax:393:8-18]
Effect   Console              effect Console                           [tests/fmt/syntax-zoo.ax:216:9-16]
Effect   Wire                 effect Wire                              [tests/fmt/syntax-zoo.ax:219:9-13]
Effect   Boxes                effect Boxes                             [tests/fmt/syntax-zoo.ax:272:9-14]
