Fn       memAlloc             (Int -> Int)                             [stdlib/Mem.ax:38:9-17]
Fn       memAllocMapped       (Int -> (Int -> Int))                    [stdlib/Mem.ax:73:9-23]
Fn       memCopy              (Int -> (Int -> (Int -> Int)))           [stdlib/Mem.ax:103:9-16]
Fn       memCopyFrom          (Int -> (Int -> (Int -> (Int -> Int))))  [stdlib/Mem.ax:127:5-16]
Fn       memSet               (Int -> (Int -> (Int -> Int)))           [stdlib/Mem.ax:143:9-15]
Fn       memSetFrom           (Int -> (Int -> (Int -> (Int -> Int))))  [stdlib/Mem.ax:147:5-15]
Fn       memCmp               (Int -> (Int -> (Int -> Int)))           [stdlib/Mem.ax:164:9-15]
Fn       memCmpFrom           (Int -> (Int -> (Int -> (Int -> Int))))  [stdlib/Mem.ax:168:5-15]
Fn       memGetWord           (Int -> (Int -> Int))                    [stdlib/Mem.ax:198:9-19]
Fn       memGetWordStr        (Int -> (Int -> String))                 [stdlib/Mem.ax:210:9-22]
Fn       memSetWord           (Int -> (Int -> (a -> Int)))             [stdlib/Mem.ax:240:9-19]
Fn       memGetByte           (Int -> (Int -> Int))                    [stdlib/Mem.ax:252:9-19]
Fn       memPutByte           (Int -> (Int -> (Int -> Int)))           [stdlib/Mem.ax:256:9-19]
Fn       sysRead              Int                                      [stdlib/Sys/Platform.darwin.ax:20:9-16]
Fn       sysWrite             Int                                      [stdlib/Sys/Platform.darwin.ax:25:9-17]
Fn       sysOpen              Int                                      [stdlib/Sys/Platform.darwin.ax:30:9-16]
Fn       sysClose             Int                                      [stdlib/Sys/Platform.darwin.ax:35:9-17]
Fn       sysExit              Int                                      [stdlib/Sys/Platform.darwin.ax:40:9-16]
Fn       sysLseek             Int                                      [stdlib/Sys/Platform.darwin.ax:45:9-17]
Fn       openNeedsDirFd       Int                                      [stdlib/Sys/Platform.darwin.ax:52:9-23]
Fn       atFdCwd              Int                                      [stdlib/Sys/Platform.darwin.ax:58:9-16]
Fn       oRdonly              Int                                      [stdlib/Sys/Platform.darwin.ax:62:9-16]
Fn       oWronlyCreateTrunc   Int                                      [stdlib/Sys/Platform.darwin.ax:67:9-27]
Fn       oWronlyCreateAppend  Int                                      [stdlib/Sys/Platform.darwin.ax:78:9-28]
Fn       seekEnd              Int                                      [stdlib/Sys/Platform.darwin.ax:82:9-16]
Fn       seekSet              Int                                      [stdlib/Sys/Platform.darwin.ax:86:9-16]
Fn       spawnUsesPosixSpawn  Int                                      [stdlib/Sys/Platform.darwin.ax:103:9-28]
Fn       sysPosixSpawn        Int                                      [stdlib/Sys/Platform.darwin.ax:124:9-22]
Fn       sysWait4             Int                                      [stdlib/Sys/Platform.darwin.ax:129:9-17]
Fn       sysFork              Int                                      [stdlib/Sys/Platform.darwin.ax:136:9-16]
Fn       sysForkArg           Int                                      [stdlib/Sys/Platform.darwin.ax:140:9-19]
Fn       sysExecve            Int                                      [stdlib/Sys/Platform.darwin.ax:144:9-18]
Fn       sysUnlinkNum         Int                                      [stdlib/Sys/Platform.darwin.ax:149:9-21]
Fn       sysMkdirNum          Int                                      [stdlib/Sys/Platform.darwin.ax:155:9-20]
Fn       sysRmdirNum          Int                                      [stdlib/Sys/Platform.darwin.ax:160:9-20]
Fn       sysRenameNum         Int                                      [stdlib/Sys/Platform.darwin.ax:166:9-21]
Fn       sysGetdentsNum       Int                                      [stdlib/Sys/Platform.darwin.ax:182:9-23]
Fn       dirReadNeedsPosition Int                                      [stdlib/Sys/Platform.darwin.ax:186:9-29]
Fn       direntNameOffset     Int                                      [stdlib/Sys/Platform.darwin.ax:200:9-25]
Fn       cwdUsesFcntlPath     Int                                      [stdlib/Sys/Platform.darwin.ax:220:9-25]
Fn       sysCwdNum            Int                                      [stdlib/Sys/Platform.darwin.ax:225:9-18]
Fn       fGetPath             Int                                      [stdlib/Sys/Platform.darwin.ax:229:9-17]
Fn       eExist               Int                                      [stdlib/Sys/Platform.darwin.ax:242:9-15]
Fn       eIsDir               Int                                      [stdlib/Sys/Platform.darwin.ax:246:9-15]
Fn       sysGetPidNum         Int                                      [stdlib/Sys/Platform.darwin.ax:251:9-21]
Fn       sysClockNum          Int                                      [stdlib/Sys/Platform.darwin.ax:259:9-20]
Fn       clockIsGettimeofday  Int                                      [stdlib/Sys/Platform.darwin.ax:263:9-28]
Fn       clockHasMonotonic    Int                                      [stdlib/Sys/Platform.darwin.ax:295:9-26]
Fn       sysSocketNum         Int                                      [stdlib/Sys/Platform.darwin.ax:318:9-21]
Fn       sysBindNum           Int                                      [stdlib/Sys/Platform.darwin.ax:325:9-19]
Fn       sysListenNum         Int                                      [stdlib/Sys/Platform.darwin.ax:330:9-21]
Fn       sysAcceptNum         Int                                      [stdlib/Sys/Platform.darwin.ax:342:9-21]
Fn       sysConnectNum        Int                                      [stdlib/Sys/Platform.darwin.ax:348:9-22]
Fn       sysSetSockOptNum     Int                                      [stdlib/Sys/Platform.darwin.ax:353:9-25]
Fn       sysGetSockOptNum     Int                                      [stdlib/Sys/Platform.darwin.ax:358:9-25]
Fn       sysShutdownNum       Int                                      [stdlib/Sys/Platform.darwin.ax:363:9-23]
Fn       sysFcntlNum          Int                                      [stdlib/Sys/Platform.darwin.ax:371:9-20]
Fn       afInet               Int                                      [stdlib/Sys/Platform.darwin.ax:378:9-15]
Fn       sockStream           Int                                      [stdlib/Sys/Platform.darwin.ax:382:9-19]
Fn       solSocket            Int                                      [stdlib/Sys/Platform.darwin.ax:392:9-18]
Fn       soReuseAddr          Int                                      [stdlib/Sys/Platform.darwin.ax:396:9-20]
Fn       soReusePort          Int                                      [stdlib/Sys/Platform.darwin.ax:400:9-20]
Fn       soError              Int                                      [stdlib/Sys/Platform.darwin.ax:404:9-16]
Fn       fGetFl               Int                                      [stdlib/Sys/Platform.darwin.ax:410:9-15]
Fn       fSetFl               Int                                      [stdlib/Sys/Platform.darwin.ax:414:9-15]
Fn       oNonblock            Int                                      [stdlib/Sys/Platform.darwin.ax:418:9-18]
Fn       eAgain               Int                                      [stdlib/Sys/Platform.darwin.ax:426:9-15]
Fn       sockaddrHasLenByte   Int                                      [stdlib/Sys/Platform.darwin.ax:447:9-27]
Fn       pollUsesKqueue       Int                                      [stdlib/Sys/Platform.darwin.ax:467:9-23]
Fn       sysPollCreateNum     Int                                      [stdlib/Sys/Platform.darwin.ax:472:9-25]
Fn       sysPollWaitNum       Int                                      [stdlib/Sys/Platform.darwin.ax:479:9-23]
Fn       sysPollCtlNum        Int                                      [stdlib/Sys/Platform.darwin.ax:483:9-22]
Fn       pollEventSize        Int                                      [stdlib/Sys/Platform.darwin.ax:497:9-22]
Fn       pollEventFdOffset    Int                                      [stdlib/Sys/Platform.darwin.ax:501:9-26]
Fn       pollReadFilter       Int                                      [stdlib/Sys/Platform.darwin.ax:510:9-23]
Fn       pollAddOp            Int                                      [stdlib/Sys/Platform.darwin.ax:517:9-18]
Fn       pollDelOp            Int                                      [stdlib/Sys/Platform.darwin.ax:521:9-18]
Fn       pollSigsetSize       Int                                      [stdlib/Sys/Platform.darwin.ax:528:9-23]
Fn       apply                ((Int -> Int) -> (Int -> Int))           [tests/fmt/syntax-zoo.ax:78:9-14]
Fn       literals             (Int -> Int)                             [tests/fmt/syntax-zoo.ax:82:5-13]
Fn       control              (Int -> Int)                             [tests/fmt/syntax-zoo.ax:92:5-12]
Fn       classify             (Int -> Int)                             [tests/fmt/syntax-zoo.ax:107:5-13]
Fn       area                 (Shape -> Int)                           [tests/fmt/syntax-zoo.ax:115:5-9]
Fn       depth                (Tree Int -> Int)                        [tests/fmt/syntax-zoo.ax:122:5-10]
Fn       misc                 (Rec -> Int)                             [tests/fmt/syntax-zoo.ax:129:5-9]
Fn       keyword_forms        (Int -> Int)                             [tests/fmt/syntax-zoo.ax:143:5-18]
Fn       qualified            (Int -> Int)                             [tests/fmt/syntax-zoo.ax:151:5-14]
Fn       last                 (Int -> Int)                             [tests/fmt/syntax-zoo.ax:155:5-9]
Fn       log                  (String -> Int)                          [builtin]
Fn       send                 (Int -> (Int -> Int))                    [builtin]
Fn       recv                 (Int -> Int)                             [builtin]
Fn       handled              (Int -> Int)                             [tests/fmt/syntax-zoo.ax:166:5-12]
Fn       scoped               (Int -> Int)                             [tests/fmt/syntax-zoo.ax:170:5-11]
Fn       aBox                 Box Int                                  [tests/fmt/syntax-zoo.ax:191:5-9]
Fn       store                (Box Int -> Int)                         [builtin]
Fn       interiors            (*Box Int -> ([Box Int] -> (Linear Box Int -> Int))) [tests/fmt/syntax-zoo.ax:235:5-14]
Fn       typed_exprs          (Int -> Int)                             [tests/fmt/syntax-zoo.ax:238:5-16]
Fn       helperD              (Int -> Int)                             [tests/fmt/syntax-zoo.ax:283:5-12]
Fn       zeroParam            Int                                      [tests/fmt/syntax-zoo.ax:286:5-14]
Fn       bigNums              Int                                      [tests/fmt/syntax-zoo.ax:289:5-12]
Fn       addTwo               (Int -> (Int -> Int))                    [tests/fmt/syntax-zoo.ax:292:5-11]
Fn       spine                Int                                      [tests/fmt/syntax-zoo.ax:295:5-10]
Fn       redundantParens      (Int -> Int)                             [tests/fmt/syntax-zoo.ax:298:5-20]
Fn       oneBlock             (Int -> Int)                             [tests/fmt/syntax-zoo.ax:301:5-13]
Fn       manyBody             (Int -> Int)                             [tests/fmt/syntax-zoo.ax:304:5-13]
Fn       curried              (Int -> (Int -> Int))                    [tests/fmt/syntax-zoo.ax:307:5-12]
Fn       unitArg              (() -> Int)                              [tests/fmt/syntax-zoo.ax:316:5-12]
Fn       integerName          (Int -> Int)                             [tests/fmt/syntax-zoo.ax:319:5-16]
Fn       negatives            Int                                      [tests/fmt/syntax-zoo.ax:325:5-14]
Data     Option               data Option                              [builtin]
Ctor     Some                 (a -> Option a)                          [builtin]
Ctor     None                 Option a                                 [builtin]
Data     Shape                data Shape                               [tests/fmt/syntax-zoo.ax:24:11-16]
Ctor     Circle               (Int -> Shape)                           [tests/fmt/syntax-zoo.ax:25:4-10]
Ctor     Rect                 (Int -> (Int -> Shape))                  [tests/fmt/syntax-zoo.ax:26:4-8]
Ctor     Empty                Shape                                    [tests/fmt/syntax-zoo.ax:27:4-9]
Data     Tree                 data Tree                                [tests/fmt/syntax-zoo.ax:29:7-11]
Ctor     Leaf                 Tree a                                   [tests/fmt/syntax-zoo.ax:30:4-8]
Ctor     Node                 (Tree a -> (a -> (Tree a -> Tree a)))    [tests/fmt/syntax-zoo.ax:31:4-8]
Data     Box                  data Box                                 [tests/fmt/syntax-zoo.ax:188:11-14]
Ctor     B                    (a -> Box a)                             [tests/fmt/syntax-zoo.ax:189:4-5]
Data     Wrapped              data Wrapped                             [tests/fmt/syntax-zoo.ax:199:7-14]
Ctor     W                    (Box Int -> Wrapped)                     [tests/fmt/syntax-zoo.ax:200:4-5]
Struct   Rec                  struct Rec                               [tests/fmt/syntax-zoo.ax:50:13-16]
Struct   Holder               struct Holder                            [tests/fmt/syntax-zoo.ax:196:9-15]
Alias    Count                Int                                      [tests/fmt/syntax-zoo.ax:21:11-16]
Alias    BoxedCount           Box Int                                  [tests/fmt/syntax-zoo.ax:194:11-21]
Trait    Show                 trait Show                               [tests/fmt/syntax-zoo.ax:58:9-13]
Trait    Ord                  trait Ord                                [tests/fmt/syntax-zoo.ax:62:9-12]
Trait    Container            trait Container                          [tests/fmt/syntax-zoo.ax:202:9-18]
Trait    Boxy                 trait Boxy                               [tests/fmt/syntax-zoo.ax:206:9-13]
