== blinker (period 2) ==
gen 0  pop 3
.....
..#..
..#..
..#..
.....
gen 1  pop 3
.....
.....
.###.
.....
.....
gen 2  pop 3
.....
..#..
..#..
..#..
.....
== glider (period 4, translates) ==
gen 0  pop 5
.#......
..#.....
###.....
........
........
........
........
........
gen 1  pop 5
........
#.#.....
.##.....
.#......
........
........
........
........
gen 2  pop 5
........
..#.....
#.#.....
.##.....
........
........
........
........
gen 3  pop 5
........
.#......
..##....
.##.....
........
........
........
........
gen 4  pop 5
........
..#.....
...#....
.###....
........
........
........
........
