Content-Length: 912

{"jsonrpc":"2.0","id":1,"result":{"capabilities":{"textDocumentSync":1,"documentSymbolProvider":true,"definitionProvider":true,"hoverProvider":true,"completionProvider":{"resolveProvider":false,"triggerCharacters":["("]},"referencesProvider":true,"documentHighlightProvider":true,"renameProvider":{"prepareProvider":true},"declarationProvider":true,"callHierarchyProvider":true,"signatureHelpProvider":{"triggerCharacters":["("," "],"retriggerCharacters":[" "]},"inlayHintProvider":true,"foldingRangeProvider":true,"selectionRangeProvider":true,"documentLinkProvider":{"resolveProvider":false},"workspaceSymbolProvider":true,"documentFormattingProvider":true,"codeActionProvider":{"codeActionKinds":["quickfix","refactor.rewrite","refactor.extract"]},"typeDefinitionProvider":true,"codeLensProvider":{"resolveProvider":false},"experimental":{"expandMacro":true}},"serverInfo":{"name":"axiom","version":"0.6.0"}}}Content-Length: 286

{"jsonrpc":"2.0","method":"textDocument/publishDiagnostics","params":{"uri":"file:///DOC.ax","diagnostics":[{"range":{"start":{"line":0,"character":0},"end":{"line":0,"character":0}},"severity":1,"code":"AX5001","source":"axiom","message":"cannot resolve import `NoSuchModuleAtAll`"}]}}Content-Length: 218

{"jsonrpc":"2.0","id":2,"result":[{"name":"main","kind":12,"range":{"start":{"line":4,"character":5},"end":{"line":4,"character":9}},"selectionRange":{"start":{"line":4,"character":5},"end":{"line":4,"character":9}}}]}Content-Length: 38

{"jsonrpc":"2.0","id":3,"result":null}Content-Length: 111

{"jsonrpc":"2.0","method":"textDocument/publishDiagnostics","params":{"uri":"file:///DOC.ax","diagnostics":[]}}Content-Length: 38

{"jsonrpc":"2.0","id":4,"result":null}