Content-Length: 912

{"jsonrpc":"2.0","id":1,"result":{"capabilities":{"textDocumentSync":1,"documentSymbolProvider":true,"definitionProvider":true,"hoverProvider":true,"completionProvider":{"resolveProvider":false,"triggerCharacters":["("]},"referencesProvider":true,"documentHighlightProvider":true,"renameProvider":{"prepareProvider":true},"declarationProvider":true,"callHierarchyProvider":true,"signatureHelpProvider":{"triggerCharacters":["("," "],"retriggerCharacters":[" "]},"inlayHintProvider":true,"foldingRangeProvider":true,"selectionRangeProvider":true,"documentLinkProvider":{"resolveProvider":false},"workspaceSymbolProvider":true,"documentFormattingProvider":true,"codeActionProvider":{"codeActionKinds":["quickfix","refactor.rewrite","refactor.extract"]},"typeDefinitionProvider":true,"codeLensProvider":{"resolveProvider":false},"experimental":{"expandMacro":true}},"serverInfo":{"name":"axiom","version":"0.7.3"}}}Content-Length: 329

{"jsonrpc":"2.0","method":"textDocument/publishDiagnostics","params":{"uri":"file:///DOC.ax","diagnostics":[{"range":{"start":{"line":1,"character":0},"end":{"line":1,"character":0}},"severity":1,"code":"AX2001","source":"axiom","message":"expected expression, found `EOF`\n\nhelp: Axiom expected expression at this position"}]}}Content-Length: 36

{"jsonrpc":"2.0","id":2,"result":[]}Content-Length: 38

{"jsonrpc":"2.0","id":3,"result":null}Content-Length: 111

{"jsonrpc":"2.0","method":"textDocument/publishDiagnostics","params":{"uri":"file:///DOC.ax","diagnostics":[]}}Content-Length: 38

{"jsonrpc":"2.0","id":4,"result":null}