Content-Length: 198

{"jsonrpc":"2.0","id":1,"result":{"capabilities":{"textDocumentSync":1,"documentSymbolProvider":true,"definitionProvider":true,"hoverProvider":true},"serverInfo":{"name":"axiom","version":"0.3.1"}}}Content-Length: 473

{"jsonrpc":"2.0","method":"textDocument/publishDiagnostics","params":{"uri":"file:///DOC.ax","diagnostics":[{"range":{"start":{"line":3,"character":5},"end":{"line":3,"character":9}},"severity":2,"code":"AX3039","source":"axiom","message":"AXTAG key typo on `pure`: unrecognised key `pur`; did you mean `pure`?\n\nhelp: an unrecognised key is recorded and never checked, so the claim this looks like was not made; the keys that are checked are `pure` and `effect(...)`"}]}}Content-Length: 401

{"jsonrpc":"2.0","id":2,"result":[{"name":"pure","kind":12,"range":{"start":{"line":3,"character":5},"end":{"line":3,"character":9}},"selectionRange":{"start":{"line":3,"character":5},"end":{"line":3,"character":9}}},{"name":"main","kind":12,"range":{"start":{"line":7,"character":5},"end":{"line":7,"character":9}},"selectionRange":{"start":{"line":7,"character":5},"end":{"line":7,"character":9}}}]}Content-Length: 38

{"jsonrpc":"2.0","id":3,"result":null}Content-Length: 111

{"jsonrpc":"2.0","method":"textDocument/publishDiagnostics","params":{"uri":"file:///DOC.ax","diagnostics":[]}}Content-Length: 38

{"jsonrpc":"2.0","id":4,"result":null}